Archive member included to satisfy reference by file (symbol)

C:/nxp/MCUXpressoIDE_25.6.136/ide/plugins/com.nxp.mcuxpresso.tools.win32_25.6.0.202501151204/tools/bin/../lib/gcc/arm-none-eabi/14.2.1/../../../../arm-none-eabi/lib/thumb/v7e-m+fp/hard\libcr_nohost_nf.a(_cr__main.o)
                              ./startup/startup_mimxrt1176_cm4.o (__main)
C:/nxp/MCUXpressoIDE_25.6.136/ide/plugins/com.nxp.mcuxpresso.tools.win32_25.6.0.202501151204/tools/bin/../lib/gcc/arm-none-eabi/14.2.1/../../../../arm-none-eabi/lib/thumb/v7e-m+fp/hard\libcr_c.a(memset.o)
                              ./drivers/fsl_dcdc.o (memset)
C:/nxp/MCUXpressoIDE_25.6.136/ide/plugins/com.nxp.mcuxpresso.tools.win32_25.6.0.202501151204/tools/bin/../lib/gcc/arm-none-eabi/14.2.1/../../../../arm-none-eabi/lib/thumb/v7e-m+fp/hard\libcr_c.a(alloc.o)
                              ./drivers/fsl_common.o (malloc)
C:/nxp/MCUXpressoIDE_25.6.136/ide/plugins/com.nxp.mcuxpresso.tools.win32_25.6.0.202501151204/tools/bin/../lib/gcc/arm-none-eabi/14.2.1/../../../../arm-none-eabi/lib/thumb/v7e-m+fp/hard\libcr_c.a(errno.o)
                              ./utilities/fsl_str.o (errno)
C:/nxp/MCUXpressoIDE_25.6.136/ide/plugins/com.nxp.mcuxpresso.tools.win32_25.6.0.202501151204/tools/bin/../lib/gcc/arm-none-eabi/14.2.1/../../../../arm-none-eabi/lib/thumb/v7e-m+fp/hard\libcr_c.a(initio.o)
                              C:/nxp/MCUXpressoIDE_25.6.136/ide/plugins/com.nxp.mcuxpresso.tools.win32_25.6.0.202501151204/tools/bin/../lib/gcc/arm-none-eabi/14.2.1/../../../../arm-none-eabi/lib/thumb/v7e-m+fp/hard\libcr_nohost_nf.a(_cr__main.o) (_initio)
C:/nxp/MCUXpressoIDE_25.6.136/ide/plugins/com.nxp.mcuxpresso.tools.win32_25.6.0.202501151204/tools/bin/../lib/gcc/arm-none-eabi/14.2.1/../../../../arm-none-eabi/lib/thumb/v7e-m+fp/hard\libcr_c.a(scanf.o)
                              ./utilities/fsl_str.o (strtoul)
C:/nxp/MCUXpressoIDE_25.6.136/ide/plugins/com.nxp.mcuxpresso.tools.win32_25.6.0.202501151204/tools/bin/../lib/gcc/arm-none-eabi/14.2.1/../../../../arm-none-eabi/lib/thumb/v7e-m+fp/hard\libcr_c.a(setvbuf.o)
                              C:/nxp/MCUXpressoIDE_25.6.136/ide/plugins/com.nxp.mcuxpresso.tools.win32_25.6.0.202501151204/tools/bin/../lib/gcc/arm-none-eabi/14.2.1/../../../../arm-none-eabi/lib/thumb/v7e-m+fp/hard\libcr_c.a(initio.o) (setvbuf)
C:/nxp/MCUXpressoIDE_25.6.136/ide/plugins/com.nxp.mcuxpresso.tools.win32_25.6.0.202501151204/tools/bin/../lib/gcc/arm-none-eabi/14.2.1/../../../../arm-none-eabi/lib/thumb/v7e-m+fp/hard\libcr_c.a(strlen.o)
                              ./utilities/fsl_debug_console.o (strlen)
C:/nxp/MCUXpressoIDE_25.6.136/ide/plugins/com.nxp.mcuxpresso.tools.win32_25.6.0.202501151204/tools/bin/../lib/gcc/arm-none-eabi/14.2.1/../../../../arm-none-eabi/lib/thumb/v7e-m+fp/hard\libcr_c.a(ungetc.o)
                              C:/nxp/MCUXpressoIDE_25.6.136/ide/plugins/com.nxp.mcuxpresso.tools.win32_25.6.0.202501151204/tools/bin/../lib/gcc/arm-none-eabi/14.2.1/../../../../arm-none-eabi/lib/thumb/v7e-m+fp/hard\libcr_c.a(scanf.o) (ungetc)
C:/nxp/MCUXpressoIDE_25.6.136/ide/plugins/com.nxp.mcuxpresso.tools.win32_25.6.0.202501151204/tools/bin/../lib/gcc/arm-none-eabi/14.2.1/../../../../arm-none-eabi/lib/thumb/v7e-m+fp/hard\libcr_c.a(__fillbuf.o)
                              C:/nxp/MCUXpressoIDE_25.6.136/ide/plugins/com.nxp.mcuxpresso.tools.win32_25.6.0.202501151204/tools/bin/../lib/gcc/arm-none-eabi/14.2.1/../../../../arm-none-eabi/lib/thumb/v7e-m+fp/hard\libcr_c.a(scanf.o) (__filbuf)
C:/nxp/MCUXpressoIDE_25.6.136/ide/plugins/com.nxp.mcuxpresso.tools.win32_25.6.0.202501151204/tools/bin/../lib/gcc/arm-none-eabi/14.2.1/../../../../arm-none-eabi/lib/thumb/v7e-m+fp/hard\libcr_c.a(__init_alloc.o)
                              C:/nxp/MCUXpressoIDE_25.6.136/ide/plugins/com.nxp.mcuxpresso.tools.win32_25.6.0.202501151204/tools/bin/../lib/gcc/arm-none-eabi/14.2.1/../../../../arm-none-eabi/lib/thumb/v7e-m+fp/hard\libcr_c.a(alloc.o) (__heaps)
C:/nxp/MCUXpressoIDE_25.6.136/ide/plugins/com.nxp.mcuxpresso.tools.win32_25.6.0.202501151204/tools/bin/../lib/gcc/arm-none-eabi/14.2.1/../../../../arm-none-eabi/lib/thumb/v7e-m+fp/hard\libcr_c.a(_cr_sbrk.o)
                              C:/nxp/MCUXpressoIDE_25.6.136/ide/plugins/com.nxp.mcuxpresso.tools.win32_25.6.0.202501151204/tools/bin/../lib/gcc/arm-none-eabi/14.2.1/../../../../arm-none-eabi/lib/thumb/v7e-m+fp/hard\libcr_c.a(alloc.o) (_sbrk)
C:/nxp/MCUXpressoIDE_25.6.136/ide/plugins/com.nxp.mcuxpresso.tools.win32_25.6.0.202501151204/tools/bin/../lib/gcc/arm-none-eabi/14.2.1/../../../../arm-none-eabi/lib/thumb/v7e-m+fp/hard\libcr_c.a(_deferredlazyseek.o)
                              C:/nxp/MCUXpressoIDE_25.6.136/ide/plugins/com.nxp.mcuxpresso.tools.win32_25.6.0.202501151204/tools/bin/../lib/gcc/arm-none-eabi/14.2.1/../../../../arm-none-eabi/lib/thumb/v7e-m+fp/hard\libcr_c.a(__fillbuf.o) (_deferredlazyseek)
[...]
Memory Configuration

Name             Origin             Length             Attributes
BOARD_FLASH      0x08000000         0x01000000         xr
SRAM_DTC_cm4     0x20000000         0x00020000         xrw
SRAM_ITC_cm4     0x1ffe0000         0x00020000         xrw
SRAM_OC1         0x20240000         0x00040000         xrw
NCACHE_REGION    0x20280000         0x00040000         xrw
SRAM_OC2         0x202c0000         0x00080000         xrw
SRAM_OC_ECC1     0x20340000         0x00010000         xrw
SRAM_OC_ECC2     0x20350000         0x00010000         xrw
BOARD_SDRAM      0x80000000         0x04000000         xrw
*default*        0x00000000         0xffffffff

Linker script and memory map

LOAD ./xip/evkmimxrt1170_flexspi_nor_config.o
LOAD ./xip/fsl_flexspi_nor_boot.o
LOAD ./utilities/fsl_assert.o
LOAD ./utilities/fsl_debug_console.o
LOAD ./utilities/fsl_memcpy.o
LOAD ./utilities/fsl_str.o
LOAD ./startup/boot_multicore_slave.o
LOAD ./startup/startup_mimxrt1176_cm4.o
LOAD ./source/WS2812_SPI.o
LOAD ./source/lpspi_polling_b2b_transfer_master.o
LOAD ./source/semihost_hardfault.o
LOAD ./drivers/fsl_anatop_ai.o
LOAD ./drivers/fsl_cache.o
LOAD ./drivers/fsl_clock.o
LOAD ./drivers/fsl_common.o
LOAD ./drivers/fsl_common_arm.o
LOAD ./drivers/fsl_dcdc.o
LOAD ./drivers/fsl_gpio.o
LOAD ./drivers/fsl_lpspi.o
LOAD ./drivers/fsl_lpuart.o
LOAD ./drivers/fsl_pmu.o
LOAD ./device/system_MIMXRT1176_cm4.o
LOAD ./component/uart/fsl_adapter_lpuart.o
LOAD ./component/lists/fsl_component_generic_list.o
LOAD ./board/board.o
LOAD ./board/clock_config.o
LOAD ./board/dcd.o
LOAD ./board/pin_mux.o
START GROUP
LOAD C:/nxp/MCUXpressoIDE_25.6.136/ide/plugins/com.nxp.mcuxpresso.tools.win32_25.6.0.202501151204/tools/bin/../lib/gcc/arm-none-eabi/14.2.1/../../../../arm-none-eabi/lib/thumb/v7e-m+fp/hard\libcr_nohost_nf.a
LOAD C:/nxp/MCUXpressoIDE_25.6.136/ide/plugins/com.nxp.mcuxpresso.tools.win32_25.6.0.202501151204/tools/bin/../lib/gcc/arm-none-eabi/14.2.1/../../../../arm-none-eabi/lib/thumb/v7e-m+fp/hard\libcr_c.a
LOAD C:/nxp/MCUXpressoIDE_25.6.136/ide/plugins/com.nxp.mcuxpresso.tools.win32_25.6.0.202501151204/tools/bin/../lib/gcc/arm-none-eabi/14.2.1/thumb/v7e-m+fp/hard\libcr_eabihelpers.a
LOAD C:/nxp/MCUXpressoIDE_25.6.136/ide/plugins/com.nxp.mcuxpresso.tools.win32_25.6.0.202501151204/tools/bin/../lib/gcc/arm-none-eabi/14.2.1/thumb/v7e-m+fp/hard\libgcc.a
END GROUP
                0x08000000                        __base_BOARD_FLASH = 0x8000000
                0x08000000                        __base_Flash = 0x8000000
                0x09000000                        __top_BOARD_FLASH = 0x9000000
                0x09000000                        __top_Flash = 0x9000000
                0x20000000                        __base_SRAM_DTC_cm4 = 0x20000000
                0x20000000                        __base_RAM = 0x20000000
                0x20020000                        __top_SRAM_DTC_cm4 = 0x20020000
                0x20020000                        __top_RAM = 0x20020000
                0x1ffe0000                        __base_SRAM_ITC_cm4 = 0x1ffe0000
                0x1ffe0000                        __base_RAM2 = 0x1ffe0000
                0x20000000                        __top_SRAM_ITC_cm4 = 0x20000000
                0x20000000                        __top_RAM2 = 0x20000000
                0x20240000                        __base_SRAM_OC1 = 0x20240000
                0x20240000                        __base_RAM3 = 0x20240000
                0x20280000                        __top_SRAM_OC1 = 0x20280000
                0x20280000                        __top_RAM3 = 0x20280000
                0x20280000                        __base_NCACHE_REGION = 0x20280000
                0x20280000                        __base_RAM4 = 0x20280000
                0x202c0000                        __top_NCACHE_REGION = 0x202c0000
                0x202c0000                        __top_RAM4 = 0x202c0000
                0x202c0000                        __base_SRAM_OC2 = 0x202c0000
                0x202c0000                        __base_RAM5 = 0x202c0000
                0x20340000                        __top_SRAM_OC2 = 0x20340000
                0x20340000                        __top_RAM5 = 0x20340000
                0x20340000                        __base_SRAM_OC_ECC1 = 0x20340000
                0x20340000                        __base_RAM6 = 0x20340000
                0x20350000                        __top_SRAM_OC_ECC1 = 0x20350000
                0x20350000                        __top_RAM6 = 0x20350000
                0x20350000                        __base_SRAM_OC_ECC2 = 0x20350000
                0x20350000                        __base_RAM7 = 0x20350000
                0x20360000                        __top_SRAM_OC_ECC2 = 0x20360000
                0x20360000                        __top_RAM7 = 0x20360000
                0x80000000                        __base_BOARD_SDRAM = 0x80000000
                0x80000000                        __base_RAM8 = 0x80000000
                0x84000000                        __top_BOARD_SDRAM = 0x84000000
                0x84000000                        __top_RAM8 = 0x84000000

.text           0x20000000     0x7f4c
 FILL mask 0xff
                0x20000000                        __vectors_start__ = ABSOLUTE (.)
 *(SORT_BY_ALIGNMENT(.isr_vector))
 .isr_vector    0x20000000      0x3a8 ./startup/startup_mimxrt1176_cm4.o
                0x20000000                g_pfnVectors
                0x20000000                __Vectors
                0x200003a8                        . = ALIGN (0x4)
                0x200003a8                        __section_table_start = .
                0x200003a8                        __data_section_table = .
                0x200003a8        0x4 LONG 0x20007f4c LOADADDR (.data)
                0x200003ac        0x4 LONG 0x20007f4c ADDR (.data)
                0x200003b0        0x4 LONG 0xc SIZEOF (.data)
                0x200003b4        0x4 LONG 0x20007f4c LOADADDR (.data_RAM2)
                0x200003b8        0x4 LONG 0x1ffe0000 ADDR (.data_RAM2)
                0x200003bc        0x4 LONG 0x0 SIZEOF (.data_RAM2)
                0x200003c0        0x4 LONG 0x20007f4c LOADADDR (.data_RAM3)
                0x200003c4        0x4 LONG 0x20240000 ADDR (.data_RAM3)
                0x200003c8        0x4 LONG 0x0 SIZEOF (.data_RAM3)
                0x200003cc        0x4 LONG 0x20007f4c LOADADDR (.data_RAM4)
                0x200003d0        0x4 LONG 0x20280000 ADDR (.data_RAM4)
                0x200003d4        0x4 LONG 0x0 SIZEOF (.data_RAM4)
                0x200003d8        0x4 LONG 0x20007f4c LOADADDR (.data_RAM5)
                0x200003dc        0x4 LONG 0x202c0000 ADDR (.data_RAM5)
                0x200003e0        0x4 LONG 0x0 SIZEOF (.data_RAM5)
                0x200003e4        0x4 LONG 0x20007f4c LOADADDR (.data_RAM6)
                0x200003e8        0x4 LONG 0x20340000 ADDR (.data_RAM6)
                0x200003ec        0x4 LONG 0x0 SIZEOF (.data_RAM6)
                0x200003f0        0x4 LONG 0x20007f4c LOADADDR (.data_RAM7)
                0x200003f4        0x4 LONG 0x20350000 ADDR (.data_RAM7)
                0x200003f8        0x4 LONG 0x0 SIZEOF (.data_RAM7)
                0x200003fc        0x4 LONG 0x20007f4c LOADADDR (.data_RAM8)
                0x20000400        0x4 LONG 0x80000000 ADDR (.data_RAM8)
                0x20000404        0x4 LONG 0x0 SIZEOF (.data_RAM8)
                0x20000408                        __data_section_table_end = .
                0x20000408                        __bss_section_table = .
                0x20000408        0x4 LONG 0x20007f58 ADDR (.bss)
                0x2000040c        0x4 LONG 0x180 SIZEOF (.bss)
                0x20000410        0x4 LONG 0x1ffe0000 ADDR (.bss_RAM2)
                0x20000414        0x4 LONG 0x0 SIZEOF (.bss_RAM2)
                0x20000418        0x4 LONG 0x20240000 ADDR (.bss_RAM3)
                0x2000041c        0x4 LONG 0x0 SIZEOF (.bss_RAM3)
                0x20000420        0x4 LONG 0x20280000 ADDR (.bss_RAM4)
                0x20000424        0x4 LONG 0x0 SIZEOF (.bss_RAM4)
                0x20000428        0x4 LONG 0x202c0000 ADDR (.bss_RAM5)
                0x2000042c        0x4 LONG 0x0 SIZEOF (.bss_RAM5)
                0x20000430        0x4 LONG 0x20340000 ADDR (.bss_RAM6)
                0x20000434        0x4 LONG 0x0 SIZEOF (.bss_RAM6)
                0x20000438        0x4 LONG 0x20350000 ADDR (.bss_RAM7)
                0x2000043c        0x4 LONG 0x0 SIZEOF (.bss_RAM7)
                0x20000440        0x4 LONG 0x80000000 ADDR (.bss_RAM8)
                0x20000444        0x4 LONG 0x0 SIZEOF (.bss_RAM8)
                0x20000448                        __bss_section_table_end = .
                0x20000448                        __section_table_end = .
 *(SORT_BY_ALIGNMENT(.after_vectors*))
 .after_vectors.reset
                0x20000448       0x54 ./startup/startup_mimxrt1176_cm4.o
                0x20000448                ResetISR
 .after_vectors.init_data
                0x2000049c       0x1e ./startup/startup_mimxrt1176_cm4.o
                0x2000049c                data_init
 .after_vectors.init_bss
                0x200004ba       0x12 ./startup/startup_mimxrt1176_cm4.o
                0x200004ba                bss_init
 .after_vectors
                0x200004cc       0x12 ./startup/startup_mimxrt1176_cm4.o
                0x200004cc                NMI_Handler
                0x200004d0                MemManage_Handler
                0x200004d2                BusFault_Handler
                0x200004d4                UsageFault_Handler
                0x200004d6                SVC_Handler
                0x200004d8                PendSV_Handler
                0x200004dc                FLEXRAM_ECC_DriverIRQHandler
                0x200004dc                SAI3_RX_DriverIRQHandler
                0x200004dc                ADC_ETC_IRQ3_DriverIRQHandler
                0x200004dc                Reserved168_DriverIRQHandler
                0x200004dc                Reserved178_DriverIRQHandler
                0x200004dc                SNVS_HP_NON_TZ_DriverIRQHandler
                0x200004dc                PWM4_FAULT_DriverIRQHandler
                0x200004dc                DMA13_DMA29_DriverIRQHandler
                0x200004dc                Reserved185_DriverIRQHandler
                0x200004dc                KEY_MANAGER_DriverIRQHandler
                0x200004dc                SEMC_DriverIRQHandler
                0x200004dc                SPDIF_DriverIRQHandler
                0x200004dc                PWM4_3_DriverIRQHandler
                0x200004dc                LPI2C5_DriverIRQHandler
                0x200004dc                TMPSNS_LOW_HIGH_DriverIRQHandler
                0x200004dc                Reserved33_DriverIRQHandler
                0x200004dc                FLEXSPI2_DriverIRQHandler
                0x200004dc                RDC_DriverIRQHandler
                0x200004dc                GPIO3_Combined_0_15_DriverIRQHandler
                0x200004dc                Reserved167_DriverIRQHandler
                0x200004dc                CAN3_DriverIRQHandler
                0x200004dc                PIT2_DriverIRQHandler
                0x200004dc                CAAM_RTIC_DriverIRQHandler
                0x200004dc                OCOTP_READ_FUSE_ERROR_DriverIRQHandler
                0x200004dc                DMA7_DMA23_DriverIRQHandler
                0x200004dc                SAI4_TX_DriverIRQHandler
                0x200004dc                Reserved110_DriverIRQHandler
                0x200004dc                Reserved210_DriverIRQHandler
                0x200004dc                LPI2C3_DriverIRQHandler
                0x200004dc                GPR_IRQ_DriverIRQHandler
                0x200004dc                Reserved208_DriverIRQHandler
                0x200004dc                PWM2_FAULT_DriverIRQHandler
                0x200004dc                PWM3_1_DriverIRQHandler
                0x200004dc                SEMA4_CP1_DriverIRQHandler
                0x200004dc                DAC_DriverIRQHandler
                0x200004dc                ENET_1G_MAC0_Tx_Rx_1_DriverIRQHandler
                0x200004dc                XECC_FLEXSPI2_INT_DriverIRQHandler
                0x200004dc                LPSR_LP8_BROWNOUT_DriverIRQHandler
                0x200004dc                Reserved166_DriverIRQHandler
                0x200004dc                DMA14_DMA30_DriverIRQHandler
                0x200004dc                TMR1_DriverIRQHandler
                0x200004dc                PWM3_2_DriverIRQHandler
                0x200004dc                ENET_1588_Timer_DriverIRQHandler
                0x200004dc                ENET_QOS_PMT_DriverIRQHandler
                0x200004dc                FLEXIO2_DriverIRQHandler
                0x200004dc                GPIO2_Combined_16_31_DriverIRQHandler
                0x200004dc                KPP_DriverIRQHandler
                0x200004dc                PWM4_1_DriverIRQHandler
                0x200004dc                Reserved213_DriverIRQHandler
                0x200004dc                CAAM_IRQ0_DriverIRQHandler
                0x200004dc                PWM3_3_DriverIRQHandler
                0x200004dc                DMA0_DMA16_DriverIRQHandler
                0x200004dc                Reserved34_DriverIRQHandler
                0x200004dc                IntDefaultHandler
                0x200004dc                DMA2_DMA18_DriverIRQHandler
                0x200004dc                MUB_DriverIRQHandler
                0x200004dc                XECC_FLEXSPI1_FATAL_INT_DriverIRQHandler
                0x200004dc                XECC_SEMC_INT_DriverIRQHandler
                0x200004dc                USDHC1_DriverIRQHandler
                0x200004dc                ENC3_DriverIRQHandler
                0x200004dc                PWM3_FAULT_DriverIRQHandler
                0x200004dc                Reserved186_DriverIRQHandler
                0x200004dc                LPI2C6_DriverIRQHandler
                0x200004dc                DCIC1_DriverIRQHandler
                0x200004dc                EWM_DriverIRQHandler
                0x200004dc                WDOG1_DriverIRQHandler
                0x200004dc                FLEXIO1_DriverIRQHandler
                0x200004dc                ENET_DriverIRQHandler
                0x200004dc                TMR4_DriverIRQHandler
                0x200004dc                ENC2_DriverIRQHandler
                0x200004dc                ENET_1G_MAC0_Tx_Rx_2_DriverIRQHandler
                0x200004dc                ADC_ETC_IRQ2_DriverIRQHandler
                0x200004dc                GPIO1_Combined_16_31_DriverIRQHandler
                0x200004dc                SAI1_DriverIRQHandler
                0x200004dc                DMA12_DMA28_DriverIRQHandler
                0x200004dc                MECC1_FATAL_INT_DriverIRQHandler
                0x200004dc                PWM4_0_DriverIRQHandler
                0x200004dc                Reserved66_DriverIRQHandler
                0x200004dc                MIPI_DSI_DriverIRQHandler
                0x200004dc                ADC_ETC_ERROR_IRQ_DriverIRQHandler
                0x200004dc                ACMP2_DriverIRQHandler
                0x200004dc                GPIO5_Combined_0_15_DriverIRQHandler
                0x200004dc                GPU2D_DriverIRQHandler
                0x200004dc                GPT2_DriverIRQHandler
                0x200004dc                CAN3_ERROR_DriverIRQHandler
                0x200004dc                DMA10_DMA26_DriverIRQHandler
                0x200004dc                PWM2_1_DriverIRQHandler
                0x200004dc                PWM1_1_DriverIRQHandler
                0x200004dc                PXP_DriverIRQHandler
                0x200004dc                ADC1_DriverIRQHandler
                0x200004dc                PDM_ERROR_DriverIRQHandler
                0x200004dc                MIPI_CSI_DriverIRQHandler
                0x200004dc                CAAM_IRQ3_DriverIRQHandler
                0x200004dc                PWM1_0_DriverIRQHandler
                0x200004dc                CAAM_IRQ1_DriverIRQHandler
                0x200004dc                DMA1_DMA17_DriverIRQHandler
                0x200004dc                GPIO7_8_9_10_11_DriverIRQHandler
                0x200004dc                GPT6_DriverIRQHandler
                0x200004dc                PIT1_DriverIRQHandler
                0x200004dc                ENC1_DriverIRQHandler
                0x200004dc                GPIO12_Combined_16_31_DriverIRQHandler
                0x200004dc                ENC4_DriverIRQHandler
                0x200004dc                CAN2_DriverIRQHandler
                0x200004dc                Reserved169_DriverIRQHandler
                0x200004dc                LPSR_LP0_BROWNOUT_DriverIRQHandler
                0x200004dc                CAN2_ERROR_DriverIRQHandler
                0x200004dc                GPT5_DriverIRQHandler
                0x200004dc                DMA8_DMA24_DriverIRQHandler
                0x200004dc                GPT1_DriverIRQHandler
                0x200004dc                SNVS_HP_TZ_DriverIRQHandler
                0x200004dc                CAAM_RECORVE_ERRPR_DriverIRQHandler
                0x200004dc                CAAM_IRQ2_DriverIRQHandler
                0x200004dc                ACMP3_DriverIRQHandler
                0x200004dc                DMA6_DMA22_DriverIRQHandler
                0x200004dc                RTWDOG4_DriverIRQHandler
                0x200004dc                SAI4_RX_DriverIRQHandler
                0x200004dc                TMR3_DriverIRQHandler
                0x200004dc                TMR2_DriverIRQHandler
                0x200004dc                DCIC2_DriverIRQHandler
                0x200004dc                FLEXSPI1_DriverIRQHandler
                0x200004dc                GPIO1_Combined_0_15_DriverIRQHandler
                0x200004dc                USDHC2_DriverIRQHandler
                0x200004dc                PWM4_2_DriverIRQHandler
                0x200004dc                Reserved214_DriverIRQHandler
                0x200004dc                SAI2_DriverIRQHandler
                0x200004dc                CORE_DriverIRQHandler
                0x200004dc                USBPHY2_DriverIRQHandler
                0x200004dc                OCOTP_READ_DONE_ERROR_DriverIRQHandler
                0x200004dc                CDOG_DriverIRQHandler
                0x200004dc                USBPHY1_DriverIRQHandler
                0x200004dc                PDM_EVENT_DriverIRQHandler
                0x200004dc                LCDIFv2_DriverIRQHandler
                0x200004dc                TMPSNS_PANIC_DriverIRQHandler
                0x200004dc                Reserved211_DriverIRQHandler
                0x200004dc                DMA11_DMA27_DriverIRQHandler
                0x200004dc                CSI_DriverIRQHandler
                0x200004dc                PWM2_3_DriverIRQHandler
                0x200004dc                XBAR1_IRQ_2_3_DriverIRQHandler
                0x200004dc                GPIO3_Combined_16_31_DriverIRQHandler
                0x200004dc                PWM1_FAULT_DriverIRQHandler
                0x200004dc                LPI2C1_DriverIRQHandler
                0x200004dc                EMVSIM2_DriverIRQHandler
                0x200004dc                MECC2_FATAL_INT_DriverIRQHandler
                0x200004dc                PWM2_2_DriverIRQHandler
                0x200004dc                DMA4_DMA20_DriverIRQHandler
                0x200004dc                DMA9_DMA25_DriverIRQHandler
                0x200004dc                GPT4_DriverIRQHandler
                0x200004dc                XBAR1_IRQ_0_1_DriverIRQHandler
                0x200004dc                ADC_ETC_IRQ1_DriverIRQHandler
                0x200004dc                Reserved215_DriverIRQHandler
                0x200004dc                DMA3_DMA19_DriverIRQHandler
                0x200004dc                XECC_FLEXSPI1_INT_DriverIRQHandler
                0x200004dc                ENET_QOS_DriverIRQHandler
                0x200004dc                SEMA4_CP0_DriverIRQHandler
                0x200004dc                Reserved170_DriverIRQHandler
                0x200004dc                Reserved177_DriverIRQHandler
                0x200004dc                LPI2C4_DriverIRQHandler
                0x200004dc                GPC_DriverIRQHandler
                0x200004dc                GPIO2_Combined_0_15_DriverIRQHandler
                0x200004dc                GPT3_DriverIRQHandler
                0x200004dc                TMPSNS_INT_DriverIRQHandler
                0x200004dc                PWM1_2_DriverIRQHandler
                0x200004dc                USB_OTG1_DriverIRQHandler
                0x200004dc                XECC_SEMC_FATAL_INT_DriverIRQHandler
                0x200004dc                SAI3_TX_DriverIRQHandler
                0x200004dc                WDOG2_DriverIRQHandler
                0x200004dc                GPIO12_Combined_0_15_DriverIRQHandler
                0x200004dc                Reserved68_DriverIRQHandler
                0x200004dc                MECC2_INT_DriverIRQHandler
                0x200004dc                ENET_1G_1588_Timer_DriverIRQHandler
                0x200004dc                Reserved180_DriverIRQHandler
                0x200004dc                PWM3_0_DriverIRQHandler
                0x200004dc                CAN1_ERROR_DriverIRQHandler
                0x200004dc                GPIO4_Combined_0_15_DriverIRQHandler
                0x200004dc                GPIO4_Combined_16_31_DriverIRQHandler
                0x200004dc                GPIO5_Combined_16_31_DriverIRQHandler
                0x200004dc                EMVSIM1_DriverIRQHandler
                0x200004dc                ASRC_DriverIRQHandler
                0x200004dc                DMA5_DMA21_DriverIRQHandler
                0x200004dc                Reserved179_DriverIRQHandler
                0x200004dc                ADC2_DriverIRQHandler
                0x200004dc                ACMP4_DriverIRQHandler
                0x200004dc                DMA15_DMA31_DriverIRQHandler
                0x200004dc                PDM_HWVAD_ERROR_DriverIRQHandler
                0x200004dc                PWM1_3_DriverIRQHandler
                0x200004dc                PDM_HWVAD_EVENT_DriverIRQHandler
                0x200004dc                ACMP1_DriverIRQHandler
                0x200004dc                LPI2C2_DriverIRQHandler
                0x200004dc                XECC_FLEXSPI2_FATAL_INT_DriverIRQHandler
                0x200004dc                DMA_ERROR_DriverIRQHandler
                0x200004dc                ADC_ETC_IRQ0_DriverIRQHandler
                0x200004dc                Reserved212_DriverIRQHandler
                0x200004dc                CAN1_DriverIRQHandler
                0x200004dc                eLCDIF_DriverIRQHandler
                0x200004dc                MECC1_INT_DriverIRQHandler
                0x200004dc                PWM2_0_DriverIRQHandler
                0x200004dc                ENET_1G_DriverIRQHandler
                0x200004dc                Reserved209_DriverIRQHandler
                0x200004dc                SNVS_PULSE_EVENT_DriverIRQHandler
                0x200004dc                GPIO13_Combined_0_31_DriverIRQHandler
                0x200004dc                USB_OTG2_DriverIRQHandler
 *(SORT_BY_ALIGNMENT(.text*))
 *fill*         0x200004de        0x2 ff
 .text.CLOCK_GetAvPllFreq
                0x200004e0      0x11c ./drivers/fsl_clock.o
 *fill*         0x200005fc        0x4 ff
 .text.LPSPI_MasterSetDelayTimes
                0x20000600      0x284 ./drivers/fsl_lpspi.o
                0x20000600                LPSPI_MasterSetDelayTimes
 .text.__assertion_failed
                0x20000884       0x2c ./utilities/fsl_assert.o
                0x20000884                __assertion_failed
 .text.DbgConsole_Init
                0x200008b0       0x88 ./utilities/fsl_debug_console.o
                0x200008b0                DbgConsole_Init
 .text.DbgConsole_Vprintf
                0x20000938       0x3c ./utilities/fsl_debug_console.o
                0x20000938                DbgConsole_Vprintf
 .text.DbgConsole_Putchar
                0x20000974       0x30 ./utilities/fsl_debug_console.o
                0x20000974                DbgConsole_Putchar
 .text.DbgConsole_PrintfFormattedData
                0x200009a4      0x3e0 ./utilities/fsl_debug_console.o
 .text          0x20000d84       0xa0 ./utilities/fsl_memcpy.o
                0x20000d84                memcpy
 .text.SysTick_Handler
                0x20000e24       0x24 ./source/WS2812_SPI.o
                0x20000e24                SysTick_Handler
 .text.setLED   0x20000e48       0x5c ./source/WS2812_SPI.o
                0x20000e48                setLED
 .text.ws2812_spi
                0x20000ea4      0x100 ./source/WS2812_SPI.o
                0x20000ea4                ws2812_spi
 .text.WS2812_Send
                0x20000fa4       0x64 ./source/WS2812_SPI.o
                0x20000fa4                WS2812_Send
 .text.__NVIC_SetPriority
                0x20001008       0x54 ./source/lpspi_polling_b2b_transfer_master.o
 .text.SysTick_Config
                0x2000105c       0x44 ./source/lpspi_polling_b2b_transfer_master.o
 .text.CLOCK_GetRootClockMux
                0x200010a0       0x2c ./source/lpspi_polling_b2b_transfer_master.o
 .text.CLOCK_GetRootClockDiv
                0x200010cc       0x28 ./source/lpspi_polling_b2b_transfer_master.o
 .text.CLOCK_GetRootClockFreq
                0x200010f4       0x58 ./source/lpspi_polling_b2b_transfer_master.o
 .text.main     0x2000114c      0x124 ./source/lpspi_polling_b2b_transfer_master.o
                0x2000114c                main
 .text.ANATOP_AI_Access
                0x20001270      0x630 ./drivers/fsl_anatop_ai.o
                0x20001270                ANATOP_AI_Access
 .text.CLOCK_GetRootClockMux
                0x200018a0       0x2c ./drivers/fsl_clock.o
 .text.CLOCK_GetRootClockDiv
                0x200018cc       0x28 ./drivers/fsl_clock.o
 .text.CLOCK_GetRootClockFreq
                0x200018f4       0x58 ./drivers/fsl_clock.o
 .text.CLOCK_InitArmPll
                0x2000194c      0x15c ./drivers/fsl_clock.o
                0x2000194c                CLOCK_InitArmPll
 .text.CLOCK_InitSysPll2
                0x20001aa8      0x1dc ./drivers/fsl_clock.o
                0x20001aa8                CLOCK_InitSysPll2
 .text.CLOCK_InitPfd
                0x20001c84      0x168 ./drivers/fsl_clock.o
                0x20001c84                CLOCK_InitPfd
 .text.CLOCK_GetPfdFreq
                0x20001dec       0xd8 ./drivers/fsl_clock.o
                0x20001dec                CLOCK_GetPfdFreq
 .text.CLOCK_InitSysPll3
                0x20001ec4       0xf4 ./drivers/fsl_clock.o
                0x20001ec4                CLOCK_InitSysPll3
 .text.CLOCK_SetPllBypass
                0x20001fb8       0xe0 ./drivers/fsl_clock.o
                0x20001fb8                CLOCK_SetPllBypass
 .text.ANATOP_PllToggleHoldRingOff
                0x20002098       0x34 ./drivers/fsl_clock.o
 .text.ANATOP_PllConfigure
                0x200020cc       0xb4 ./drivers/fsl_clock.o
 .text.ANATOP_AudioPllGate
                0x20002180       0x48 ./drivers/fsl_clock.o
 .text.ANATOP_AudioPllSwEnClk
                0x200021c8       0x48 ./drivers/fsl_clock.o
 .text.ANATOP_VideoPllGate
                0x20002210       0x48 ./drivers/fsl_clock.o
 .text.ANATOP_VideoPllSwEnClk
                0x20002258       0x48 ./drivers/fsl_clock.o
 .text.CLOCK_InitVideoPll
                0x200022a0       0xd4 ./drivers/fsl_clock.o
                0x200022a0                CLOCK_InitVideoPll
 .text.ANATOP_SysPll1Gate
                0x20002374       0x48 ./drivers/fsl_clock.o
 .text.ANATOP_SysPll1Div2En
                0x200023bc       0x48 ./drivers/fsl_clock.o
 .text.ANATOP_SysPll1Div5En
                0x20002404       0x48 ./drivers/fsl_clock.o
 .text.ANATOP_SysPll1SwEnClk
                0x2000244c       0x48 ./drivers/fsl_clock.o
 .text.CLOCK_GetPllFreq
                0x20002494       0xdc ./drivers/fsl_clock.o
                0x20002494                CLOCK_GetPllFreq
 .text.CLOCK_GetFreq
                0x20002570      0x1c4 ./drivers/fsl_clock.o
                0x20002570                CLOCK_GetFreq
 .text.CLOCK_OSC_EnableOscRc400M
                0x20002734       0x2c ./drivers/fsl_clock.o
                0x20002734                CLOCK_OSC_EnableOscRc400M
 .text.SDK_DelayAtLeastUs
                0x20002760       0x8c ./drivers/fsl_common_arm.o
                0x20002760                SDK_DelayAtLeastUs
 .text.CLOCK_ControlGate
                0x200027ec       0x7c ./drivers/fsl_lpspi.o
 .text.LPSPI_GetInstance
                0x20002868       0x50 ./drivers/fsl_lpspi.o
                0x20002868                LPSPI_GetInstance
 .text.LPSPI_SetDummyData
                0x200028b8       0x2c ./drivers/fsl_lpspi.o
                0x200028b8                LPSPI_SetDummyData
 .text.LPSPI_MasterInit
                0x200028e4      0x170 ./drivers/fsl_lpspi.o
                0x200028e4                LPSPI_MasterInit
 .text.LPSPI_MasterGetDefaultConfig
                0x20002a54       0xa0 ./drivers/fsl_lpspi.o
                0x20002a54                LPSPI_MasterGetDefaultConfig
 .text.LPSPI_MasterSetBaudRate
                0x20002af4       0xf8 ./drivers/fsl_lpspi.o
                0x20002af4                LPSPI_MasterSetBaudRate
 .text.LPSPI_MasterSetDelayScaler
                0x20002bec       0x78 ./drivers/fsl_lpspi.o
                0x20002bec                LPSPI_MasterSetDelayScaler
 .text.LPSPI_CheckTransferArgument
                0x20002c64       0xf0 ./drivers/fsl_lpspi.o
                0x20002c64                LPSPI_CheckTransferArgument
 .text.LPSPI_MasterTransferWriteAllTxData
                0x20002d54      0x1fc ./drivers/fsl_lpspi.o
 .text.LPSPI_MasterTransferBlocking
                0x20002f50      0x244 ./drivers/fsl_lpspi.o
                0x20002f50                LPSPI_MasterTransferBlocking
 .text.LPSPI_CombineWriteData
                0x20003194      0x1bc ./drivers/fsl_lpspi.o
 .text.LPSPI_SeparateReadData
                0x20003350      0x1b0 ./drivers/fsl_lpspi.o
 .text.LPSPI_CommonIRQHandler
                0x20003500       0x44 ./drivers/fsl_lpspi.o
 .text.LPSPI1_DriverIRQHandler
                0x20003544       0x30 ./drivers/fsl_lpspi.o
                0x20003544                LPSPI1_DriverIRQHandler
 .text.LPSPI2_DriverIRQHandler
                0x20003574       0x30 ./drivers/fsl_lpspi.o
                0x20003574                LPSPI2_DriverIRQHandler
 .text.LPSPI3_DriverIRQHandler
                0x200035a4       0x30 ./drivers/fsl_lpspi.o
                0x200035a4                LPSPI3_DriverIRQHandler
 .text.LPSPI4_DriverIRQHandler
                0x200035d4       0x30 ./drivers/fsl_lpspi.o
                0x200035d4                LPSPI4_DriverIRQHandler
 .text.LPSPI5_DriverIRQHandler
                0x20003604       0x30 ./drivers/fsl_lpspi.o
                0x20003604                LPSPI5_DriverIRQHandler
 .text.LPSPI6_DriverIRQHandler
                0x20003634       0x30 ./drivers/fsl_lpspi.o
                0x20003634                LPSPI6_DriverIRQHandler
 .text.CLOCK_ControlGate
                0x20003664       0x7c ./drivers/fsl_lpuart.o
 .text.LPUART_GetInstance
                0x200036e0       0x4c ./drivers/fsl_lpuart.o
                0x200036e0                LPUART_GetInstance
 .text.LPUART_Init
                0x2000372c      0x30c ./drivers/fsl_lpuart.o
                0x2000372c                LPUART_Init
 .text.LPUART_GetDefaultConfig
                0x20003a38       0x88 ./drivers/fsl_lpuart.o
                0x20003a38                LPUART_GetDefaultConfig
 .text.LPUART_GetStatusFlags
                0x20003ac0       0x38 ./drivers/fsl_lpuart.o
                0x20003ac0                LPUART_GetStatusFlags
 .text.LPUART_ClearStatusFlags
                0x20003af8       0x7c ./drivers/fsl_lpuart.o
                0x20003af8                LPUART_ClearStatusFlags
 .text.LPUART_WriteBlocking
                0x20003b74       0x68 ./drivers/fsl_lpuart.o
                0x20003b74                LPUART_WriteBlocking
 .text.LPUART_ReadBlocking
                0x20003bdc      0x160 ./drivers/fsl_lpuart.o
                0x20003bdc                LPUART_ReadBlocking
 .text.LPUART1_DriverIRQHandler
                0x20003d3c       0x28 ./drivers/fsl_lpuart.o
                0x20003d3c                LPUART1_DriverIRQHandler
 .text.LPUART2_DriverIRQHandler
                0x20003d64       0x28 ./drivers/fsl_lpuart.o
                0x20003d64                LPUART2_DriverIRQHandler
 .text.LPUART3_DriverIRQHandler
                0x20003d8c       0x28 ./drivers/fsl_lpuart.o
                0x20003d8c                LPUART3_DriverIRQHandler
 .text.LPUART4_DriverIRQHandler
                0x20003db4       0x28 ./drivers/fsl_lpuart.o
                0x20003db4                LPUART4_DriverIRQHandler
 .text.LPUART5_DriverIRQHandler
                0x20003ddc       0x28 ./drivers/fsl_lpuart.o
                0x20003ddc                LPUART5_DriverIRQHandler
 .text.LPUART6_DriverIRQHandler
                0x20003e04       0x28 ./drivers/fsl_lpuart.o
                0x20003e04                LPUART6_DriverIRQHandler
 .text.LPUART7_DriverIRQHandler
                0x20003e2c       0x28 ./drivers/fsl_lpuart.o
                0x20003e2c                LPUART7_DriverIRQHandler
 .text.LPUART8_DriverIRQHandler
                0x20003e54       0x28 ./drivers/fsl_lpuart.o
                0x20003e54                LPUART8_DriverIRQHandler
 .text.LPUART9_DriverIRQHandler
                0x20003e7c       0x28 ./drivers/fsl_lpuart.o
                0x20003e7c                LPUART9_DriverIRQHandler
 .text.LPUART10_DriverIRQHandler
                0x20003ea4       0x28 ./drivers/fsl_lpuart.o
                0x20003ea4                LPUART10_DriverIRQHandler
 .text.LPUART11_DriverIRQHandler
                0x20003ecc       0x28 ./drivers/fsl_lpuart.o
                0x20003ecc                LPUART11_DriverIRQHandler
 .text.LPUART12_DriverIRQHandler
                0x20003ef4       0x28 ./drivers/fsl_lpuart.o
                0x20003ef4                LPUART12_DriverIRQHandler
 .text.PMU_StaticEnablePllLdo
                0x20003f1c       0x5c ./drivers/fsl_pmu.o
                0x20003f1c                PMU_StaticEnablePllLdo
 .text.PMU_StaticGetLpsrAnaLdoDefaultConfig
                0x20003f78       0x48 ./drivers/fsl_pmu.o
                0x20003f78                PMU_StaticGetLpsrAnaLdoDefaultConfig
 .text.PMU_StaticLpsrAnaLdoInit
                0x20003fc0       0xa0 ./drivers/fsl_pmu.o
                0x20003fc0                PMU_StaticLpsrAnaLdoInit
 .text.PMU_StaticGetLpsrDigLdoDefaultConfig
                0x20004060       0x38 ./drivers/fsl_pmu.o
                0x20004060                PMU_StaticGetLpsrDigLdoDefaultConfig
 .text.PMU_StaticLpsrDigLdoInit
                0x20004098       0xa0 ./drivers/fsl_pmu.o
                0x20004098                PMU_StaticLpsrDigLdoInit
 .text.SystemInit
                0x20004138      0x1a4 ./device/system_MIMXRT1176_cm4.o
                0x20004138                SystemInit
 .text.HAL_UartInitCommon
                0x200042dc       0xe0 ./component/uart/fsl_adapter_lpuart.o
 .text.HAL_UartInit
                0x200043bc       0x84 ./component/uart/fsl_adapter_lpuart.o
                0x200043bc                HAL_UartInit
 .text.HAL_UartReceiveBlocking
                0x20004440       0x6c ./component/uart/fsl_adapter_lpuart.o
                0x20004440                HAL_UartReceiveBlocking
 .text.HAL_UartSendBlocking
                0x200044ac       0x64 ./component/uart/fsl_adapter_lpuart.o
                0x200044ac                HAL_UartSendBlocking
 .text.ARM_MPU_Enable
                0x20004510       0x44 ./board/board.o
 .text.ARM_MPU_Disable
                0x20004554       0x40 ./board/board.o
 .text.CLOCK_GetRootClockMux
                0x20004594       0x2c ./board/board.o
 .text.CLOCK_GetRootClockDiv
                0x200045c0       0x28 ./board/board.o
 .text.CLOCK_GetRootClockFreq
                0x200045e8       0x58 ./board/board.o
 .text.BOARD_ConfigMPU
                0x20004640      0x1c0 ./board/board.o
                0x20004640                BOARD_ConfigMPU
 .text.CLOCK_GetRootClockMux
                0x20004800       0x2c ./board/clock_config.o
 .text.CLOCK_GetRootClockDiv
                0x2000482c       0x28 ./board/clock_config.o
 .text.CLOCK_SetRootClock
                0x20004854       0x74 ./board/clock_config.o
 .text.CLOCK_GetRootClockFreq
                0x200048c8       0x58 ./board/clock_config.o
 .text.CLOCK_OSC_EnableOsc48M
                0x20004920       0x3c ./board/clock_config.o
 .text.CLOCK_OSC_EnableOsc48MDiv2
                0x2000495c       0x3c ./board/clock_config.o
 .text.CLOCK_OSC_GateOscRc400M
                0x20004998       0x3c ./board/clock_config.o
 .text.BOARD_BootClockRUN
                0x200049d4      0x848 ./board/clock_config.o
                0x200049d4                BOARD_BootClockRUN
 .text.CLOCK_ControlGate
                0x2000521c       0x7c ./board/pin_mux.o
 .text.BOARD_InitPins
                0x20005298       0xe4 ./board/pin_mux.o
                0x20005298                BOARD_InitPins
 .text._initio  0x2000537c       0x78 C:/nxp/MCUXpressoIDE_25.6.136/ide/plugins/com.nxp.mcuxpresso.tools.win32_25.6.0.202501151204/tools/bin/../lib/gcc/arm-none-eabi/14.2.1/../../../../arm-none-eabi/lib/thumb/v7e-m+fp/hard\libcr_c.a(initio.o)
                0x2000537c                _initio
 .text._Cwritebuf
                0x200053f4       0x70 C:/nxp/MCUXpressoIDE_25.6.136/ide/plugins/com.nxp.mcuxpresso.tools.win32_25.6.0.202501151204/tools/bin/../lib/gcc/arm-none-eabi/14.2.1/../../../../arm-none-eabi/lib/thumb/v7e-m+fp/hard\libcr_c.a(_writebuf.o)
                0x200053f4                _Cwritebuf
 .text.fflush   0x20005464       0x3c C:/nxp/MCUXpressoIDE_25.6.136/ide/plugins/com.nxp.mcuxpresso.tools.win32_25.6.0.202501151204/tools/bin/../lib/gcc/arm-none-eabi/14.2.1/../../../../arm-none-eabi/lib/thumb/v7e-m+fp/hard\libcr_c.a(fflush.o)
                0x20005464                fflush
 .text.fseek    0x200054a0       0xf8 C:/nxp/MCUXpressoIDE_25.6.136/ide/plugins/com.nxp.mcuxpresso.tools.win32_25.6.0.202501151204/tools/bin/../lib/gcc/arm-none-eabi/14.2.1/../../../../arm-none-eabi/lib/thumb/v7e-m+fp/hard\libcr_c.a(fseek.o)
                0x200054a0                fseek
 .text.ftell    0x20005598       0x44 C:/nxp/MCUXpressoIDE_25.6.136/ide/plugins/com.nxp.mcuxpresso.tools.win32_25.6.0.202501151204/tools/bin/../lib/gcc/arm-none-eabi/14.2.1/../../../../arm-none-eabi/lib/thumb/v7e-m+fp/hard\libcr_c.a(ftell.o)
                0x20005598                ftell
 .text.__aeabi_dmul
                0x200055dc       0xfc C:/nxp/MCUXpressoIDE_25.6.136/ide/plugins/com.nxp.mcuxpresso.tools.win32_25.6.0.202501151204/tools/bin/../lib/gcc/arm-none-eabi/14.2.1/thumb/v7e-m+fp/hard\libcr_eabihelpers.a(double.o)
                0x200055dc                __aeabi_dmul
 .text.__aeabi_ddiv
                0x200056d8      0x134 C:/nxp/MCUXpressoIDE_25.6.136/ide/plugins/com.nxp.mcuxpresso.tools.win32_25.6.0.202501151204/tools/bin/../lib/gcc/arm-none-eabi/14.2.1/thumb/v7e-m+fp/hard\libcr_eabihelpers.a(double.o)
                0x200056d8                __aeabi_ddiv
 .text.__aeabi_dsub
                0x2000580c      0x1b4 C:/nxp/MCUXpressoIDE_25.6.136/ide/plugins/com.nxp.mcuxpresso.tools.win32_25.6.0.202501151204/tools/bin/../lib/gcc/arm-none-eabi/14.2.1/thumb/v7e-m+fp/hard\libcr_eabihelpers.a(double.o)
                0x2000580c                __aeabi_dsub
 .text.__aeabi_dadd
                0x200059c0      0x124 C:/nxp/MCUXpressoIDE_25.6.136/ide/plugins/com.nxp.mcuxpresso.tools.win32_25.6.0.202501151204/tools/bin/../lib/gcc/arm-none-eabi/14.2.1/thumb/v7e-m+fp/hard\libcr_eabihelpers.a(double.o)
                0x200059c0                __aeabi_dadd
 .text.fsl_assert_hook
                0x20005ae4       0x1a ./utilities/fsl_assert.o
                0x20005ae4                fsl_assert_hook
 .text.DbgConsole_Printf
                0x20005afe       0x2c ./utilities/fsl_debug_console.o
                0x20005afe                DbgConsole_Printf
 .text.DbgConsole_PrintfPaddingCharacter
                0x20005b2a       0x40 ./utilities/fsl_debug_console.o
 .text.DbgConsole_ConvertRadixNumToString
                0x20005b6a       0xc2 ./utilities/fsl_debug_console.o
 .text.DMA0_DMA16_IRQHandler
                0x20005c2c        0x8 ./startup/startup_mimxrt1176_cm4.o
                0x20005c2c                DMA0_DMA16_IRQHandler
 .text.DMA1_DMA17_IRQHandler
                0x20005c34        0x8 ./startup/startup_mimxrt1176_cm4.o
                0x20005c34                DMA1_DMA17_IRQHandler
 .text.DMA2_DMA18_IRQHandler
                0x20005c3c        0x8 ./startup/startup_mimxrt1176_cm4.o
                0x20005c3c                DMA2_DMA18_IRQHandler
 .text.DMA3_DMA19_IRQHandler
                0x20005c44        0x8 ./startup/startup_mimxrt1176_cm4.o
                0x20005c44                DMA3_DMA19_IRQHandler
 .text.DMA4_DMA20_IRQHandler
                0x20005c4c        0x8 ./startup/startup_mimxrt1176_cm4.o
                0x20005c4c                DMA4_DMA20_IRQHandler
 .text.DMA5_DMA21_IRQHandler
                0x20005c54        0x8 ./startup/startup_mimxrt1176_cm4.o
                0x20005c54                DMA5_DMA21_IRQHandler
 .text.DMA6_DMA22_IRQHandler
                0x20005c5c        0x8 ./startup/startup_mimxrt1176_cm4.o
                0x20005c5c                DMA6_DMA22_IRQHandler
 .text.DMA7_DMA23_IRQHandler
                0x20005c64        0x8 ./startup/startup_mimxrt1176_cm4.o
                0x20005c64                DMA7_DMA23_IRQHandler
 .text.DMA8_DMA24_IRQHandler
                0x20005c6c        0x8 ./startup/startup_mimxrt1176_cm4.o
                0x20005c6c                DMA8_DMA24_IRQHandler
 .text.DMA9_DMA25_IRQHandler
                0x20005c74        0x8 ./startup/startup_mimxrt1176_cm4.o
                0x20005c74                DMA9_DMA25_IRQHandler
 .text.DMA10_DMA26_IRQHandler
                0x20005c7c        0x8 ./startup/startup_mimxrt1176_cm4.o
                0x20005c7c                DMA10_DMA26_IRQHandler
 .text.DMA11_DMA27_IRQHandler
                0x20005c84        0x8 ./startup/startup_mimxrt1176_cm4.o
                0x20005c84                DMA11_DMA27_IRQHandler
 .text.DMA12_DMA28_IRQHandler
                0x20005c8c        0x8 ./startup/startup_mimxrt1176_cm4.o
                0x20005c8c                DMA12_DMA28_IRQHandler
 .text.DMA13_DMA29_IRQHandler
                0x20005c94        0x8 ./startup/startup_mimxrt1176_cm4.o
                0x20005c94                DMA13_DMA29_IRQHandler
 .text.DMA14_DMA30_IRQHandler
                0x20005c9c        0x8 ./startup/startup_mimxrt1176_cm4.o
                0x20005c9c                DMA14_DMA30_IRQHandler
 .text.DMA15_DMA31_IRQHandler
                0x20005ca4        0x8 ./startup/startup_mimxrt1176_cm4.o
                0x20005ca4                DMA15_DMA31_IRQHandler
 .text.DMA_ERROR_IRQHandler
                0x20005cac        0x8 ./startup/startup_mimxrt1176_cm4.o
                0x20005cac                DMA_ERROR_IRQHandler
 .text.Reserved33_IRQHandler
                0x20005cb4        0x8 ./startup/startup_mimxrt1176_cm4.o
                0x20005cb4                Reserved33_IRQHandler
 .text.Reserved34_IRQHandler
                0x20005cbc        0x8 ./startup/startup_mimxrt1176_cm4.o
                0x20005cbc                Reserved34_IRQHandler
 .text.CORE_IRQHandler
                0x20005cc4        0x8 ./startup/startup_mimxrt1176_cm4.o
                0x20005cc4                CORE_IRQHandler
 .text.LPUART1_IRQHandler
                0x20005ccc        0x8 ./startup/startup_mimxrt1176_cm4.o
                0x20005ccc                LPUART1_IRQHandler
 .text.LPUART2_IRQHandler
                0x20005cd4        0x8 ./startup/startup_mimxrt1176_cm4.o
                0x20005cd4                LPUART2_IRQHandler
 .text.LPUART3_IRQHandler
                0x20005cdc        0x8 ./startup/startup_mimxrt1176_cm4.o
                0x20005cdc                LPUART3_IRQHandler
 .text.LPUART4_IRQHandler
                0x20005ce4        0x8 ./startup/startup_mimxrt1176_cm4.o
                0x20005ce4                LPUART4_IRQHandler
 .text.LPUART5_IRQHandler
                0x20005cec        0x8 ./startup/startup_mimxrt1176_cm4.o
                0x20005cec                LPUART5_IRQHandler
 .text.LPUART6_IRQHandler
                0x20005cf4        0x8 ./startup/startup_mimxrt1176_cm4.o
                0x20005cf4                LPUART6_IRQHandler
 .text.LPUART7_IRQHandler
                0x20005cfc        0x8 ./startup/startup_mimxrt1176_cm4.o
                0x20005cfc                LPUART7_IRQHandler
 .text.LPUART8_IRQHandler
                0x20005d04        0x8 ./startup/startup_mimxrt1176_cm4.o
                0x20005d04                LPUART8_IRQHandler
 .text.LPUART9_IRQHandler
                0x20005d0c        0x8 ./startup/startup_mimxrt1176_cm4.o
                0x20005d0c                LPUART9_IRQHandler
 .text.LPUART10_IRQHandler
                0x20005d14        0x8 ./startup/startup_mimxrt1176_cm4.o
                0x20005d14                LPUART10_IRQHandler
 .text.LPUART11_IRQHandler
                0x20005d1c        0x8 ./startup/startup_mimxrt1176_cm4.o
                0x20005d1c                LPUART11_IRQHandler
 .text.LPUART12_IRQHandler
                0x20005d24        0x8 ./startup/startup_mimxrt1176_cm4.o
                0x20005d24                LPUART12_IRQHandler
 .text.LPI2C1_IRQHandler
                0x20005d2c        0x8 ./startup/startup_mimxrt1176_cm4.o
                0x20005d2c                LPI2C1_IRQHandler
 .text.LPI2C2_IRQHandler
                0x20005d34        0x8 ./startup/startup_mimxrt1176_cm4.o
                0x20005d34                LPI2C2_IRQHandler
 .text.LPI2C3_IRQHandler
                0x20005d3c        0x8 ./startup/startup_mimxrt1176_cm4.o
                0x20005d3c                LPI2C3_IRQHandler
 .text.LPI2C4_IRQHandler
                0x20005d44        0x8 ./startup/startup_mimxrt1176_cm4.o
                0x20005d44                LPI2C4_IRQHandler
 .text.LPI2C5_IRQHandler
                0x20005d4c        0x8 ./startup/startup_mimxrt1176_cm4.o
                0x20005d4c                LPI2C5_IRQHandler
 .text.LPI2C6_IRQHandler
                0x20005d54        0x8 ./startup/startup_mimxrt1176_cm4.o
                0x20005d54                LPI2C6_IRQHandler
 .text.LPSPI1_IRQHandler
                0x20005d5c        0x8 ./startup/startup_mimxrt1176_cm4.o
                0x20005d5c                LPSPI1_IRQHandler
 .text.LPSPI2_IRQHandler
                0x20005d64        0x8 ./startup/startup_mimxrt1176_cm4.o
                0x20005d64                LPSPI2_IRQHandler
 .text.LPSPI3_IRQHandler
                0x20005d6c        0x8 ./startup/startup_mimxrt1176_cm4.o
                0x20005d6c                LPSPI3_IRQHandler
 .text.LPSPI4_IRQHandler
                0x20005d74        0x8 ./startup/startup_mimxrt1176_cm4.o
                0x20005d74                LPSPI4_IRQHandler
 .text.LPSPI5_IRQHandler
                0x20005d7c        0x8 ./startup/startup_mimxrt1176_cm4.o
                0x20005d7c                LPSPI5_IRQHandler
 .text.LPSPI6_IRQHandler
                0x20005d84        0x8 ./startup/startup_mimxrt1176_cm4.o
                0x20005d84                LPSPI6_IRQHandler
 .text.CAN1_IRQHandler
                0x20005d8c        0x8 ./startup/startup_mimxrt1176_cm4.o
                0x20005d8c                CAN1_IRQHandler
 .text.CAN1_ERROR_IRQHandler
                0x20005d94        0x8 ./startup/startup_mimxrt1176_cm4.o
                0x20005d94                CAN1_ERROR_IRQHandler
 .text.CAN2_IRQHandler
                0x20005d9c        0x8 ./startup/startup_mimxrt1176_cm4.o
                0x20005d9c                CAN2_IRQHandler
 .text.CAN2_ERROR_IRQHandler
                0x20005da4        0x8 ./startup/startup_mimxrt1176_cm4.o
                0x20005da4                CAN2_ERROR_IRQHandler
 .text.CAN3_IRQHandler
                0x20005dac        0x8 ./startup/startup_mimxrt1176_cm4.o
                0x20005dac                CAN3_IRQHandler
 .text.CAN3_ERROR_IRQHandler
                0x20005db4        0x8 ./startup/startup_mimxrt1176_cm4.o
                0x20005db4                CAN3_ERROR_IRQHandler
 .text.Reserved66_IRQHandler
                0x20005dbc        0x8 ./startup/startup_mimxrt1176_cm4.o
                0x20005dbc                Reserved66_IRQHandler
 .text.KPP_IRQHandler
                0x20005dc4        0x8 ./startup/startup_mimxrt1176_cm4.o
                0x20005dc4                KPP_IRQHandler
 .text.Reserved68_IRQHandler
                0x20005dcc        0x8 ./startup/startup_mimxrt1176_cm4.o
                0x20005dcc                Reserved68_IRQHandler
 .text.GPR_IRQ_IRQHandler
                0x20005dd4        0x8 ./startup/startup_mimxrt1176_cm4.o
                0x20005dd4                GPR_IRQ_IRQHandler
 .text.eLCDIF_IRQHandler
                0x20005ddc        0x8 ./startup/startup_mimxrt1176_cm4.o
                0x20005ddc                eLCDIF_IRQHandler
 .text.LCDIFv2_IRQHandler
                0x20005de4        0x8 ./startup/startup_mimxrt1176_cm4.o
                0x20005de4                LCDIFv2_IRQHandler
 .text.CSI_IRQHandler
                0x20005dec        0x8 ./startup/startup_mimxrt1176_cm4.o
                0x20005dec                CSI_IRQHandler
 .text.PXP_IRQHandler
                0x20005df4        0x8 ./startup/startup_mimxrt1176_cm4.o
                0x20005df4                PXP_IRQHandler
 .text.MIPI_CSI_IRQHandler
                0x20005dfc        0x8 ./startup/startup_mimxrt1176_cm4.o
                0x20005dfc                MIPI_CSI_IRQHandler
 .text.MIPI_DSI_IRQHandler
                0x20005e04        0x8 ./startup/startup_mimxrt1176_cm4.o
                0x20005e04                MIPI_DSI_IRQHandler
 .text.GPU2D_IRQHandler
                0x20005e0c        0x8 ./startup/startup_mimxrt1176_cm4.o
                0x20005e0c                GPU2D_IRQHandler
 .text.GPIO12_Combined_0_15_IRQHandler
                0x20005e14        0x8 ./startup/startup_mimxrt1176_cm4.o
                0x20005e14                GPIO12_Combined_0_15_IRQHandler
 .text.GPIO12_Combined_16_31_IRQHandler
                0x20005e1c        0x8 ./startup/startup_mimxrt1176_cm4.o
                0x20005e1c                GPIO12_Combined_16_31_IRQHandler
 .text.DAC_IRQHandler
                0x20005e24        0x8 ./startup/startup_mimxrt1176_cm4.o
                0x20005e24                DAC_IRQHandler
 .text.KEY_MANAGER_IRQHandler
                0x20005e2c        0x8 ./startup/startup_mimxrt1176_cm4.o
                0x20005e2c                KEY_MANAGER_IRQHandler
 .text.WDOG2_IRQHandler
                0x20005e34        0x8 ./startup/startup_mimxrt1176_cm4.o
                0x20005e34                WDOG2_IRQHandler
 .text.SNVS_HP_NON_TZ_IRQHandler
                0x20005e3c        0x8 ./startup/startup_mimxrt1176_cm4.o
                0x20005e3c                SNVS_HP_NON_TZ_IRQHandler
 .text.SNVS_HP_TZ_IRQHandler
                0x20005e44        0x8 ./startup/startup_mimxrt1176_cm4.o
                0x20005e44                SNVS_HP_TZ_IRQHandler
 .text.SNVS_PULSE_EVENT_IRQHandler
                0x20005e4c        0x8 ./startup/startup_mimxrt1176_cm4.o
                0x20005e4c                SNVS_PULSE_EVENT_IRQHandler
 .text.CAAM_IRQ0_IRQHandler
                0x20005e54        0x8 ./startup/startup_mimxrt1176_cm4.o
                0x20005e54                CAAM_IRQ0_IRQHandler
 .text.CAAM_IRQ1_IRQHandler
                0x20005e5c        0x8 ./startup/startup_mimxrt1176_cm4.o
                0x20005e5c                CAAM_IRQ1_IRQHandler
 .text.CAAM_IRQ2_IRQHandler
                0x20005e64        0x8 ./startup/startup_mimxrt1176_cm4.o
                0x20005e64                CAAM_IRQ2_IRQHandler
 .text.CAAM_IRQ3_IRQHandler
                0x20005e6c        0x8 ./startup/startup_mimxrt1176_cm4.o
                0x20005e6c                CAAM_IRQ3_IRQHandler
 .text.CAAM_RECORVE_ERRPR_IRQHandler
                0x20005e74        0x8 ./startup/startup_mimxrt1176_cm4.o
                0x20005e74                CAAM_RECORVE_ERRPR_IRQHandler
 .text.CAAM_RTIC_IRQHandler
                0x20005e7c        0x8 ./startup/startup_mimxrt1176_cm4.o
                0x20005e7c                CAAM_RTIC_IRQHandler
 .text.CDOG_IRQHandler
                0x20005e84        0x8 ./startup/startup_mimxrt1176_cm4.o
                0x20005e84                CDOG_IRQHandler
 .text.SAI1_IRQHandler
                0x20005e8c        0x8 ./startup/startup_mimxrt1176_cm4.o
                0x20005e8c                SAI1_IRQHandler
 .text.SAI2_IRQHandler
                0x20005e94        0x8 ./startup/startup_mimxrt1176_cm4.o
                0x20005e94                SAI2_IRQHandler
 .text.SAI3_RX_IRQHandler
                0x20005e9c        0x8 ./startup/startup_mimxrt1176_cm4.o
                0x20005e9c                SAI3_RX_IRQHandler
 .text.SAI3_TX_IRQHandler
                0x20005ea4        0x8 ./startup/startup_mimxrt1176_cm4.o
                0x20005ea4                SAI3_TX_IRQHandler
 .text.SAI4_RX_IRQHandler
                0x20005eac        0x8 ./startup/startup_mimxrt1176_cm4.o
                0x20005eac                SAI4_RX_IRQHandler
 .text.SAI4_TX_IRQHandler
                0x20005eb4        0x8 ./startup/startup_mimxrt1176_cm4.o
                0x20005eb4                SAI4_TX_IRQHandler
 .text.SPDIF_IRQHandler
                0x20005ebc        0x8 ./startup/startup_mimxrt1176_cm4.o
                0x20005ebc                SPDIF_IRQHandler
 .text.TMPSNS_INT_IRQHandler
                0x20005ec4        0x8 ./startup/startup_mimxrt1176_cm4.o
                0x20005ec4                TMPSNS_INT_IRQHandler
 .text.TMPSNS_LOW_HIGH_IRQHandler
                0x20005ecc        0x8 ./startup/startup_mimxrt1176_cm4.o
                0x20005ecc                TMPSNS_LOW_HIGH_IRQHandler
 .text.TMPSNS_PANIC_IRQHandler
                0x20005ed4        0x8 ./startup/startup_mimxrt1176_cm4.o
                0x20005ed4                TMPSNS_PANIC_IRQHandler
 .text.LPSR_LP8_BROWNOUT_IRQHandler
                0x20005edc        0x8 ./startup/startup_mimxrt1176_cm4.o
                0x20005edc                LPSR_LP8_BROWNOUT_IRQHandler
 .text.LPSR_LP0_BROWNOUT_IRQHandler
                0x20005ee4        0x8 ./startup/startup_mimxrt1176_cm4.o
                0x20005ee4                LPSR_LP0_BROWNOUT_IRQHandler
 .text.ADC1_IRQHandler
                0x20005eec        0x8 ./startup/startup_mimxrt1176_cm4.o
                0x20005eec                ADC1_IRQHandler
 .text.ADC2_IRQHandler
                0x20005ef4        0x8 ./startup/startup_mimxrt1176_cm4.o
                0x20005ef4                ADC2_IRQHandler
 .text.USBPHY1_IRQHandler
                0x20005efc        0x8 ./startup/startup_mimxrt1176_cm4.o
                0x20005efc                USBPHY1_IRQHandler
 .text.USBPHY2_IRQHandler
                0x20005f04        0x8 ./startup/startup_mimxrt1176_cm4.o
                0x20005f04                USBPHY2_IRQHandler
 .text.RDC_IRQHandler
                0x20005f0c        0x8 ./startup/startup_mimxrt1176_cm4.o
                0x20005f0c                RDC_IRQHandler
 .text.GPIO13_Combined_0_31_IRQHandler
                0x20005f14        0x8 ./startup/startup_mimxrt1176_cm4.o
                0x20005f14                GPIO13_Combined_0_31_IRQHandler
 .text.Reserved110_IRQHandler
                0x20005f1c        0x8 ./startup/startup_mimxrt1176_cm4.o
                0x20005f1c                Reserved110_IRQHandler
 .text.DCIC1_IRQHandler
                0x20005f24        0x8 ./startup/startup_mimxrt1176_cm4.o
                0x20005f24                DCIC1_IRQHandler
 .text.DCIC2_IRQHandler
                0x20005f2c        0x8 ./startup/startup_mimxrt1176_cm4.o
                0x20005f2c                DCIC2_IRQHandler
 .text.ASRC_IRQHandler
                0x20005f34        0x8 ./startup/startup_mimxrt1176_cm4.o
                0x20005f34                ASRC_IRQHandler
 .text.FLEXRAM_ECC_IRQHandler
                0x20005f3c        0x8 ./startup/startup_mimxrt1176_cm4.o
                0x20005f3c                FLEXRAM_ECC_IRQHandler
 .text.GPIO7_8_9_10_11_IRQHandler
                0x20005f44        0x8 ./startup/startup_mimxrt1176_cm4.o
                0x20005f44                GPIO7_8_9_10_11_IRQHandler
 .text.GPIO1_Combined_0_15_IRQHandler
                0x20005f4c        0x8 ./startup/startup_mimxrt1176_cm4.o
                0x20005f4c                GPIO1_Combined_0_15_IRQHandler
 .text.GPIO1_Combined_16_31_IRQHandler
                0x20005f54        0x8 ./startup/startup_mimxrt1176_cm4.o
                0x20005f54                GPIO1_Combined_16_31_IRQHandler
 .text.GPIO2_Combined_0_15_IRQHandler
                0x20005f5c        0x8 ./startup/startup_mimxrt1176_cm4.o
                0x20005f5c                GPIO2_Combined_0_15_IRQHandler
 .text.GPIO2_Combined_16_31_IRQHandler
                0x20005f64        0x8 ./startup/startup_mimxrt1176_cm4.o
                0x20005f64                GPIO2_Combined_16_31_IRQHandler
 .text.GPIO3_Combined_0_15_IRQHandler
                0x20005f6c        0x8 ./startup/startup_mimxrt1176_cm4.o
                0x20005f6c                GPIO3_Combined_0_15_IRQHandler
 .text.GPIO3_Combined_16_31_IRQHandler
                0x20005f74        0x8 ./startup/startup_mimxrt1176_cm4.o
                0x20005f74                GPIO3_Combined_16_31_IRQHandler
 .text.GPIO4_Combined_0_15_IRQHandler
                0x20005f7c        0x8 ./startup/startup_mimxrt1176_cm4.o
                0x20005f7c                GPIO4_Combined_0_15_IRQHandler
 .text.GPIO4_Combined_16_31_IRQHandler
                0x20005f84        0x8 ./startup/startup_mimxrt1176_cm4.o
                0x20005f84                GPIO4_Combined_16_31_IRQHandler
 .text.GPIO5_Combined_0_15_IRQHandler
                0x20005f8c        0x8 ./startup/startup_mimxrt1176_cm4.o
                0x20005f8c                GPIO5_Combined_0_15_IRQHandler
 .text.GPIO5_Combined_16_31_IRQHandler
                0x20005f94        0x8 ./startup/startup_mimxrt1176_cm4.o
                0x20005f94                GPIO5_Combined_16_31_IRQHandler
 .text.FLEXIO1_IRQHandler
                0x20005f9c        0x8 ./startup/startup_mimxrt1176_cm4.o
                0x20005f9c                FLEXIO1_IRQHandler
 .text.FLEXIO2_IRQHandler
                0x20005fa4        0x8 ./startup/startup_mimxrt1176_cm4.o
                0x20005fa4                FLEXIO2_IRQHandler
 .text.WDOG1_IRQHandler
                0x20005fac        0x8 ./startup/startup_mimxrt1176_cm4.o
                0x20005fac                WDOG1_IRQHandler
 .text.RTWDOG4_IRQHandler
                0x20005fb4        0x8 ./startup/startup_mimxrt1176_cm4.o
                0x20005fb4                RTWDOG4_IRQHandler
 .text.EWM_IRQHandler
                0x20005fbc        0x8 ./startup/startup_mimxrt1176_cm4.o
                0x20005fbc                EWM_IRQHandler
 .text.OCOTP_READ_FUSE_ERROR_IRQHandler
                0x20005fc4        0x8 ./startup/startup_mimxrt1176_cm4.o
                0x20005fc4                OCOTP_READ_FUSE_ERROR_IRQHandler
 .text.OCOTP_READ_DONE_ERROR_IRQHandler
                0x20005fcc        0x8 ./startup/startup_mimxrt1176_cm4.o
                0x20005fcc                OCOTP_READ_DONE_ERROR_IRQHandler
 .text.GPC_IRQHandler
                0x20005fd4        0x8 ./startup/startup_mimxrt1176_cm4.o
                0x20005fd4                GPC_IRQHandler
 .text.MUB_IRQHandler
                0x20005fdc        0x8 ./startup/startup_mimxrt1176_cm4.o
                0x20005fdc                MUB_IRQHandler
 .text.GPT1_IRQHandler
                0x20005fe4        0x8 ./startup/startup_mimxrt1176_cm4.o
                0x20005fe4                GPT1_IRQHandler
 .text.GPT2_IRQHandler
                0x20005fec        0x8 ./startup/startup_mimxrt1176_cm4.o
                0x20005fec                GPT2_IRQHandler
 .text.GPT3_IRQHandler
                0x20005ff4        0x8 ./startup/startup_mimxrt1176_cm4.o
                0x20005ff4                GPT3_IRQHandler
 .text.GPT4_IRQHandler
                0x20005ffc        0x8 ./startup/startup_mimxrt1176_cm4.o
                0x20005ffc                GPT4_IRQHandler
 .text.GPT5_IRQHandler
                0x20006004        0x8 ./startup/startup_mimxrt1176_cm4.o
                0x20006004                GPT5_IRQHandler
 .text.GPT6_IRQHandler
                0x2000600c        0x8 ./startup/startup_mimxrt1176_cm4.o
                0x2000600c                GPT6_IRQHandler
 .text.PWM1_0_IRQHandler
                0x20006014        0x8 ./startup/startup_mimxrt1176_cm4.o
                0x20006014                PWM1_0_IRQHandler
 .text.PWM1_1_IRQHandler
                0x2000601c        0x8 ./startup/startup_mimxrt1176_cm4.o
                0x2000601c                PWM1_1_IRQHandler
 .text.PWM1_2_IRQHandler
                0x20006024        0x8 ./startup/startup_mimxrt1176_cm4.o
                0x20006024                PWM1_2_IRQHandler
 .text.PWM1_3_IRQHandler
                0x2000602c        0x8 ./startup/startup_mimxrt1176_cm4.o
                0x2000602c                PWM1_3_IRQHandler
 .text.PWM1_FAULT_IRQHandler
                0x20006034        0x8 ./startup/startup_mimxrt1176_cm4.o
                0x20006034                PWM1_FAULT_IRQHandler
 .text.FLEXSPI1_IRQHandler
                0x2000603c        0x8 ./startup/startup_mimxrt1176_cm4.o
                0x2000603c                FLEXSPI1_IRQHandler
 .text.FLEXSPI2_IRQHandler
                0x20006044        0x8 ./startup/startup_mimxrt1176_cm4.o
                0x20006044                FLEXSPI2_IRQHandler
 .text.SEMC_IRQHandler
                0x2000604c        0x8 ./startup/startup_mimxrt1176_cm4.o
                0x2000604c                SEMC_IRQHandler
 .text.USDHC1_IRQHandler
                0x20006054        0x8 ./startup/startup_mimxrt1176_cm4.o
                0x20006054                USDHC1_IRQHandler
 .text.USDHC2_IRQHandler
                0x2000605c        0x8 ./startup/startup_mimxrt1176_cm4.o
                0x2000605c                USDHC2_IRQHandler
 .text.USB_OTG2_IRQHandler
                0x20006064        0x8 ./startup/startup_mimxrt1176_cm4.o
                0x20006064                USB_OTG2_IRQHandler
 .text.USB_OTG1_IRQHandler
                0x2000606c        0x8 ./startup/startup_mimxrt1176_cm4.o
                0x2000606c                USB_OTG1_IRQHandler
 .text.ENET_IRQHandler
                0x20006074        0x8 ./startup/startup_mimxrt1176_cm4.o
                0x20006074                ENET_IRQHandler
 .text.ENET_1588_Timer_IRQHandler
                0x2000607c        0x8 ./startup/startup_mimxrt1176_cm4.o
                0x2000607c                ENET_1588_Timer_IRQHandler
 .text.ENET_1G_MAC0_Tx_Rx_1_IRQHandler
                0x20006084        0x8 ./startup/startup_mimxrt1176_cm4.o
                0x20006084                ENET_1G_MAC0_Tx_Rx_1_IRQHandler
 .text.ENET_1G_MAC0_Tx_Rx_2_IRQHandler
                0x2000608c        0x8 ./startup/startup_mimxrt1176_cm4.o
                0x2000608c                ENET_1G_MAC0_Tx_Rx_2_IRQHandler
 .text.ENET_1G_IRQHandler
                0x20006094        0x8 ./startup/startup_mimxrt1176_cm4.o
                0x20006094                ENET_1G_IRQHandler
 .text.ENET_1G_1588_Timer_IRQHandler
                0x2000609c        0x8 ./startup/startup_mimxrt1176_cm4.o
                0x2000609c                ENET_1G_1588_Timer_IRQHandler
 .text.XBAR1_IRQ_0_1_IRQHandler
                0x200060a4        0x8 ./startup/startup_mimxrt1176_cm4.o
                0x200060a4                XBAR1_IRQ_0_1_IRQHandler
 .text.XBAR1_IRQ_2_3_IRQHandler
                0x200060ac        0x8 ./startup/startup_mimxrt1176_cm4.o
                0x200060ac                XBAR1_IRQ_2_3_IRQHandler
 .text.ADC_ETC_IRQ0_IRQHandler
                0x200060b4        0x8 ./startup/startup_mimxrt1176_cm4.o
                0x200060b4                ADC_ETC_IRQ0_IRQHandler
 .text.ADC_ETC_IRQ1_IRQHandler
                0x200060bc        0x8 ./startup/startup_mimxrt1176_cm4.o
                0x200060bc                ADC_ETC_IRQ1_IRQHandler
 .text.ADC_ETC_IRQ2_IRQHandler
                0x200060c4        0x8 ./startup/startup_mimxrt1176_cm4.o
                0x200060c4                ADC_ETC_IRQ2_IRQHandler
 .text.ADC_ETC_IRQ3_IRQHandler
                0x200060cc        0x8 ./startup/startup_mimxrt1176_cm4.o
                0x200060cc                ADC_ETC_IRQ3_IRQHandler
 .text.ADC_ETC_ERROR_IRQ_IRQHandler
                0x200060d4        0x8 ./startup/startup_mimxrt1176_cm4.o
                0x200060d4                ADC_ETC_ERROR_IRQ_IRQHandler
 .text.Reserved166_IRQHandler
                0x200060dc        0x8 ./startup/startup_mimxrt1176_cm4.o
                0x200060dc                Reserved166_IRQHandler
 .text.Reserved167_IRQHandler
                0x200060e4        0x8 ./startup/startup_mimxrt1176_cm4.o
                0x200060e4                Reserved167_IRQHandler
 .text.Reserved168_IRQHandler
                0x200060ec        0x8 ./startup/startup_mimxrt1176_cm4.o
                0x200060ec                Reserved168_IRQHandler
 .text.Reserved169_IRQHandler
                0x200060f4        0x8 ./startup/startup_mimxrt1176_cm4.o
                0x200060f4                Reserved169_IRQHandler
 .text.Reserved170_IRQHandler
                0x200060fc        0x8 ./startup/startup_mimxrt1176_cm4.o
                0x200060fc                Reserved170_IRQHandler
 .text.PIT1_IRQHandler
                0x20006104        0x8 ./startup/startup_mimxrt1176_cm4.o
                0x20006104                PIT1_IRQHandler
 .text.PIT2_IRQHandler
                0x2000610c        0x8 ./startup/startup_mimxrt1176_cm4.o
                0x2000610c                PIT2_IRQHandler
 .text.ACMP1_IRQHandler
                0x20006114        0x8 ./startup/startup_mimxrt1176_cm4.o
                0x20006114                ACMP1_IRQHandler
 .text.ACMP2_IRQHandler
                0x2000611c        0x8 ./startup/startup_mimxrt1176_cm4.o
                0x2000611c                ACMP2_IRQHandler
 .text.ACMP3_IRQHandler
                0x20006124        0x8 ./startup/startup_mimxrt1176_cm4.o
                0x20006124                ACMP3_IRQHandler
 .text.ACMP4_IRQHandler
                0x2000612c        0x8 ./startup/startup_mimxrt1176_cm4.o
                0x2000612c                ACMP4_IRQHandler
 .text.Reserved177_IRQHandler
                0x20006134        0x8 ./startup/startup_mimxrt1176_cm4.o
                0x20006134                Reserved177_IRQHandler
 .text.Reserved178_IRQHandler
                0x2000613c        0x8 ./startup/startup_mimxrt1176_cm4.o
                0x2000613c                Reserved178_IRQHandler
 .text.Reserved179_IRQHandler
                0x20006144        0x8 ./startup/startup_mimxrt1176_cm4.o
                0x20006144                Reserved179_IRQHandler
 .text.Reserved180_IRQHandler
                0x2000614c        0x8 ./startup/startup_mimxrt1176_cm4.o
                0x2000614c                Reserved180_IRQHandler
 .text.ENC1_IRQHandler
                0x20006154        0x8 ./startup/startup_mimxrt1176_cm4.o
                0x20006154                ENC1_IRQHandler
 .text.ENC2_IRQHandler
                0x2000615c        0x8 ./startup/startup_mimxrt1176_cm4.o
                0x2000615c                ENC2_IRQHandler
 .text.ENC3_IRQHandler
                0x20006164        0x8 ./startup/startup_mimxrt1176_cm4.o
                0x20006164                ENC3_IRQHandler
 .text.ENC4_IRQHandler
                0x2000616c        0x8 ./startup/startup_mimxrt1176_cm4.o
                0x2000616c                ENC4_IRQHandler
 .text.Reserved185_IRQHandler
                0x20006174        0x8 ./startup/startup_mimxrt1176_cm4.o
                0x20006174                Reserved185_IRQHandler
 .text.Reserved186_IRQHandler
                0x2000617c        0x8 ./startup/startup_mimxrt1176_cm4.o
                0x2000617c                Reserved186_IRQHandler
 .text.TMR1_IRQHandler
                0x20006184        0x8 ./startup/startup_mimxrt1176_cm4.o
                0x20006184                TMR1_IRQHandler
 .text.TMR2_IRQHandler
                0x2000618c        0x8 ./startup/startup_mimxrt1176_cm4.o
                0x2000618c                TMR2_IRQHandler
 .text.TMR3_IRQHandler
                0x20006194        0x8 ./startup/startup_mimxrt1176_cm4.o
                0x20006194                TMR3_IRQHandler
 .text.TMR4_IRQHandler
                0x2000619c        0x8 ./startup/startup_mimxrt1176_cm4.o
                0x2000619c                TMR4_IRQHandler
 .text.SEMA4_CP0_IRQHandler
                0x200061a4        0x8 ./startup/startup_mimxrt1176_cm4.o
                0x200061a4                SEMA4_CP0_IRQHandler
 .text.SEMA4_CP1_IRQHandler
                0x200061ac        0x8 ./startup/startup_mimxrt1176_cm4.o
                0x200061ac                SEMA4_CP1_IRQHandler
 .text.PWM2_0_IRQHandler
                0x200061b4        0x8 ./startup/startup_mimxrt1176_cm4.o
                0x200061b4                PWM2_0_IRQHandler
 .text.PWM2_1_IRQHandler
                0x200061bc        0x8 ./startup/startup_mimxrt1176_cm4.o
                0x200061bc                PWM2_1_IRQHandler
 .text.PWM2_2_IRQHandler
                0x200061c4        0x8 ./startup/startup_mimxrt1176_cm4.o
                0x200061c4                PWM2_2_IRQHandler
 .text.PWM2_3_IRQHandler
                0x200061cc        0x8 ./startup/startup_mimxrt1176_cm4.o
                0x200061cc                PWM2_3_IRQHandler
 .text.PWM2_FAULT_IRQHandler
                0x200061d4        0x8 ./startup/startup_mimxrt1176_cm4.o
                0x200061d4                PWM2_FAULT_IRQHandler
 .text.PWM3_0_IRQHandler
                0x200061dc        0x8 ./startup/startup_mimxrt1176_cm4.o
                0x200061dc                PWM3_0_IRQHandler
 .text.PWM3_1_IRQHandler
                0x200061e4        0x8 ./startup/startup_mimxrt1176_cm4.o
                0x200061e4                PWM3_1_IRQHandler
 .text.PWM3_2_IRQHandler
                0x200061ec        0x8 ./startup/startup_mimxrt1176_cm4.o
                0x200061ec                PWM3_2_IRQHandler
 .text.PWM3_3_IRQHandler
                0x200061f4        0x8 ./startup/startup_mimxrt1176_cm4.o
                0x200061f4                PWM3_3_IRQHandler
 .text.PWM3_FAULT_IRQHandler
                0x200061fc        0x8 ./startup/startup_mimxrt1176_cm4.o
                0x200061fc                PWM3_FAULT_IRQHandler
 .text.PWM4_0_IRQHandler
                0x20006204        0x8 ./startup/startup_mimxrt1176_cm4.o
                0x20006204                PWM4_0_IRQHandler
 .text.PWM4_1_IRQHandler
                0x2000620c        0x8 ./startup/startup_mimxrt1176_cm4.o
                0x2000620c                PWM4_1_IRQHandler
 .text.PWM4_2_IRQHandler
                0x20006214        0x8 ./startup/startup_mimxrt1176_cm4.o
                0x20006214                PWM4_2_IRQHandler
 .text.PWM4_3_IRQHandler
                0x2000621c        0x8 ./startup/startup_mimxrt1176_cm4.o
                0x2000621c                PWM4_3_IRQHandler
 .text.PWM4_FAULT_IRQHandler
                0x20006224        0x8 ./startup/startup_mimxrt1176_cm4.o
                0x20006224                PWM4_FAULT_IRQHandler
 .text.Reserved208_IRQHandler
                0x2000622c        0x8 ./startup/startup_mimxrt1176_cm4.o
                0x2000622c                Reserved208_IRQHandler
 .text.Reserved209_IRQHandler
                0x20006234        0x8 ./startup/startup_mimxrt1176_cm4.o
                0x20006234                Reserved209_IRQHandler
 .text.Reserved210_IRQHandler
                0x2000623c        0x8 ./startup/startup_mimxrt1176_cm4.o
                0x2000623c                Reserved210_IRQHandler
 .text.Reserved211_IRQHandler
                0x20006244        0x8 ./startup/startup_mimxrt1176_cm4.o
                0x20006244                Reserved211_IRQHandler
 .text.Reserved212_IRQHandler
                0x2000624c        0x8 ./startup/startup_mimxrt1176_cm4.o
                0x2000624c                Reserved212_IRQHandler
 .text.Reserved213_IRQHandler
                0x20006254        0x8 ./startup/startup_mimxrt1176_cm4.o
                0x20006254                Reserved213_IRQHandler
 .text.Reserved214_IRQHandler
                0x2000625c        0x8 ./startup/startup_mimxrt1176_cm4.o
                0x2000625c                Reserved214_IRQHandler
 .text.Reserved215_IRQHandler
                0x20006264        0x8 ./startup/startup_mimxrt1176_cm4.o
                0x20006264                Reserved215_IRQHandler
 .text.PDM_HWVAD_EVENT_IRQHandler
                0x2000626c        0x8 ./startup/startup_mimxrt1176_cm4.o
                0x2000626c                PDM_HWVAD_EVENT_IRQHandler
 .text.PDM_HWVAD_ERROR_IRQHandler
                0x20006274        0x8 ./startup/startup_mimxrt1176_cm4.o
                0x20006274                PDM_HWVAD_ERROR_IRQHandler
 .text.PDM_EVENT_IRQHandler
                0x2000627c        0x8 ./startup/startup_mimxrt1176_cm4.o
                0x2000627c                PDM_EVENT_IRQHandler
 .text.PDM_ERROR_IRQHandler
                0x20006284        0x8 ./startup/startup_mimxrt1176_cm4.o
                0x20006284                PDM_ERROR_IRQHandler
 .text.EMVSIM1_IRQHandler
                0x2000628c        0x8 ./startup/startup_mimxrt1176_cm4.o
                0x2000628c                EMVSIM1_IRQHandler
 .text.EMVSIM2_IRQHandler
                0x20006294        0x8 ./startup/startup_mimxrt1176_cm4.o
                0x20006294                EMVSIM2_IRQHandler
 .text.MECC1_INT_IRQHandler
                0x2000629c        0x8 ./startup/startup_mimxrt1176_cm4.o
                0x2000629c                MECC1_INT_IRQHandler
 .text.MECC1_FATAL_INT_IRQHandler
                0x200062a4        0x8 ./startup/startup_mimxrt1176_cm4.o
                0x200062a4                MECC1_FATAL_INT_IRQHandler
 .text.MECC2_INT_IRQHandler
                0x200062ac        0x8 ./startup/startup_mimxrt1176_cm4.o
                0x200062ac                MECC2_INT_IRQHandler
 .text.MECC2_FATAL_INT_IRQHandler
                0x200062b4        0x8 ./startup/startup_mimxrt1176_cm4.o
                0x200062b4                MECC2_FATAL_INT_IRQHandler
 .text.XECC_FLEXSPI1_INT_IRQHandler
                0x200062bc        0x8 ./startup/startup_mimxrt1176_cm4.o
                0x200062bc                XECC_FLEXSPI1_INT_IRQHandler
 .text.XECC_FLEXSPI1_FATAL_INT_IRQHandler
                0x200062c4        0x8 ./startup/startup_mimxrt1176_cm4.o
                0x200062c4                XECC_FLEXSPI1_FATAL_INT_IRQHandler
 .text.XECC_FLEXSPI2_INT_IRQHandler
                0x200062cc        0x8 ./startup/startup_mimxrt1176_cm4.o
                0x200062cc                XECC_FLEXSPI2_INT_IRQHandler
 .text.XECC_FLEXSPI2_FATAL_INT_IRQHandler
                0x200062d4        0x8 ./startup/startup_mimxrt1176_cm4.o
                0x200062d4                XECC_FLEXSPI2_FATAL_INT_IRQHandler
 .text.XECC_SEMC_INT_IRQHandler
                0x200062dc        0x8 ./startup/startup_mimxrt1176_cm4.o
                0x200062dc                XECC_SEMC_INT_IRQHandler
 .text.XECC_SEMC_FATAL_INT_IRQHandler
                0x200062e4        0x8 ./startup/startup_mimxrt1176_cm4.o
                0x200062e4                XECC_SEMC_FATAL_INT_IRQHandler
 .text.ENET_QOS_IRQHandler
                0x200062ec        0x8 ./startup/startup_mimxrt1176_cm4.o
                0x200062ec                ENET_QOS_IRQHandler
 .text.ENET_QOS_PMT_IRQHandler
                0x200062f4        0x8 ./startup/startup_mimxrt1176_cm4.o
                0x200062f4                ENET_QOS_PMT_IRQHandler
 .text.HardFault_Handler
                0x200062fc       0x36 ./source/semihost_hardfault.o
                0x200062fc                HardFault_Handler
 .text.ANATOP_AI_Write
                0x20006332       0x24 ./drivers/fsl_anatop_ai.o
                0x20006332                ANATOP_AI_Write
 .text.ANATOP_AI_Read
                0x20006356       0x28 ./drivers/fsl_anatop_ai.o
                0x20006356                ANATOP_AI_Read
 .text.ANATOP_AI_WriteWithMaskShift
                0x2000637e       0x4a ./drivers/fsl_anatop_ai.o
                0x2000637e                ANATOP_AI_WriteWithMaskShift
 .text.CLOCK_GetM4Freq
                0x200063c8       0x10 ./drivers/fsl_clock.o
 .text.ANATOP_PllSetPower
                0x200063d8       0x3c ./drivers/fsl_clock.o
 .text.ANATOP_PllBypass
                0x20006414       0x30 ./drivers/fsl_clock.o
 .text.ANATOP_PllEnablePllReg
                0x20006444       0x30 ./drivers/fsl_clock.o
 .text.ANATOP_PllHoldRingOff
                0x20006474       0x30 ./drivers/fsl_clock.o
 .text.ANATOP_PllEnableSs
                0x200064a4       0x30 ./drivers/fsl_clock.o
 .text.ANATOP_PllEnableClk
                0x200064d4       0x30 ./drivers/fsl_clock.o
 .text.CLOCK_DeinitAudioPll
                0x20006504       0x34 ./drivers/fsl_clock.o
                0x20006504                CLOCK_DeinitAudioPll
 .text.CLOCK_DeinitSysPll1
                0x20006538       0x40 ./drivers/fsl_clock.o
                0x20006538                CLOCK_DeinitSysPll1
 .text.CLOCK_OSC_Set1MHzOutputBehavior
                0x20006578       0x4c ./drivers/fsl_clock.o
                0x20006578                CLOCK_OSC_Set1MHzOutputBehavior
 .text.DelayLoop
                0x200065c4       0x20 ./drivers/fsl_common_arm.o
 .text.DCDC_BootIntoDCM
                0x200065e4       0x64 ./drivers/fsl_dcdc.o
                0x200065e4                DCDC_BootIntoDCM
 .text.CLOCK_EnableClock
                0x20006648       0x1c ./drivers/fsl_lpspi.o
 .text.LPSPI_Enable
                0x20006664       0x4c ./drivers/fsl_lpspi.o
 .text.LPSPI_GetStatusFlags
                0x200066b0       0x18 ./drivers/fsl_lpspi.o
 .text.LPSPI_GetRxFifoSize
                0x200066c8       0x24 ./drivers/fsl_lpspi.o
 .text.LPSPI_GetTxFifoCount
                0x200066ec       0x1c ./drivers/fsl_lpspi.o
 .text.LPSPI_GetRxFifoCount
                0x20006708       0x1e ./drivers/fsl_lpspi.o
 .text.LPSPI_ClearStatusFlags
                0x20006726       0x1c ./drivers/fsl_lpspi.o
 .text.LPSPI_SetMasterSlaveMode
                0x20006742       0x2c ./drivers/fsl_lpspi.o
 .text.LPSPI_IsMaster
                0x2000676e       0x26 ./drivers/fsl_lpspi.o
 .text.LPSPI_FlushFifo
                0x20006794       0x30 ./drivers/fsl_lpspi.o
 .text.LPSPI_SetFifoWatermarks
                0x200067c4       0x2c ./drivers/fsl_lpspi.o
 .text.LPSPI_WriteData
                0x200067f0       0x1c ./drivers/fsl_lpspi.o
 .text.LPSPI_ReadData
                0x2000680c       0x18 ./drivers/fsl_lpspi.o
 .text.LPSPI_SetOnePcsPolarity
                0x20006824       0x44 ./drivers/fsl_lpspi.o
 .text.LPSPI_MasterTransferClearTCR
                0x20006868       0x36 ./drivers/fsl_lpspi.o
 .text.LPSPI_MasterTransferReadDataInFifo
                0x2000689e       0x88 ./drivers/fsl_lpspi.o
 .text.LPSPI_MasterTransferReadDataInFifoNoBuf
                0x20006926       0x26 ./drivers/fsl_lpspi.o
 .text.LPSPI_WaitTxFifoEmpty
                0x2000694c       0x22 ./drivers/fsl_lpspi.o
                0x2000694c                LPSPI_WaitTxFifoEmpty
 .text.CLOCK_EnableClock
                0x2000696e       0x1c ./drivers/fsl_lpuart.o
 .text.LPUART_SoftwareReset
                0x2000698a       0x2c ./drivers/fsl_lpuart.o
 .text.SystemInitHook
                0x200069b6        0xe ./device/system_MIMXRT1176_cm4.o
                0x200069b6                SystemInitHook
 .text.HAL_UartGetStatus
                0x200069c4       0x28 ./component/uart/fsl_adapter_lpuart.o
 .text.BOARD_DebugConsoleSrcFreq
                0x200069ec       0x10 ./board/board.o
                0x200069ec                BOARD_DebugConsoleSrcFreq
 .text.BOARD_InitDebugConsole
                0x200069fc       0x22 ./board/board.o
                0x200069fc                BOARD_InitDebugConsole
 .text.IOMUXC_SetSaiMClkClockSource
                0x20006a1e       0xac ./board/clock_config.o
 .text.IOMUXC_MQSConfig
                0x20006aca       0x3e ./board/clock_config.o
 .text.CLOCK_EnableClock
                0x20006b08       0x1c ./board/pin_mux.o
 .text.IOMUXC_SetPinMux
                0x20006b24       0x3a ./board/pin_mux.o
 .text.IOMUXC_SetPinConfig
                0x20006b5e       0x26 ./board/pin_mux.o
 .text.__main   0x20006b84        0xe C:/nxp/MCUXpressoIDE_25.6.136/ide/plugins/com.nxp.mcuxpresso.tools.win32_25.6.0.202501151204/tools/bin/../lib/gcc/arm-none-eabi/14.2.1/../../../../arm-none-eabi/lib/thumb/v7e-m+fp/hard\libcr_nohost_nf.a(_cr__main.o)
                0x20006b84                __main
 .text.memset   0x20006b92        0x4 C:/nxp/MCUXpressoIDE_25.6.136/ide/plugins/com.nxp.mcuxpresso.tools.win32_25.6.0.202501151204/tools/bin/../lib/gcc/arm-none-eabi/14.2.1/../../../../arm-none-eabi/lib/thumb/v7e-m+fp/hard\libcr_c.a(memset.o)
                0x20006b92                memset
 .text.free     0x20006b96       0x30 C:/nxp/MCUXpressoIDE_25.6.136/ide/plugins/com.nxp.mcuxpresso.tools.win32_25.6.0.202501151204/tools/bin/../lib/gcc/arm-none-eabi/14.2.1/../../../../arm-none-eabi/lib/thumb/v7e-m+fp/hard\libcr_c.a(alloc.o)
                0x20006b96                free
 .text.setvbuf  0x20006bc6       0x3e C:/nxp/MCUXpressoIDE_25.6.136/ide/plugins/com.nxp.mcuxpresso.tools.win32_25.6.0.202501151204/tools/bin/../lib/gcc/arm-none-eabi/14.2.1/../../../../arm-none-eabi/lib/thumb/v7e-m+fp/hard\libcr_c.a(setvbuf.o)
                0x20006bc6                setvbuf
 .text.strlen   0x20006c04       0x4e C:/nxp/MCUXpressoIDE_25.6.136/ide/plugins/com.nxp.mcuxpresso.tools.win32_25.6.0.202501151204/tools/bin/../lib/gcc/arm-none-eabi/14.2.1/../../../../arm-none-eabi/lib/thumb/v7e-m+fp/hard\libcr_c.a(strlen.o)
                0x20006c04                strlen
 .text._deferredlazyseek
                0x20006c52       0x40 C:/nxp/MCUXpressoIDE_25.6.136/ide/plugins/com.nxp.mcuxpresso.tools.win32_25.6.0.202501151204/tools/bin/../lib/gcc/arm-none-eabi/14.2.1/../../../../arm-none-eabi/lib/thumb/v7e-m+fp/hard\libcr_c.a(_deferredlazyseek.o)
                0x20006c52                _deferredlazyseek
 .text._fdopen  0x20006c92       0x68 C:/nxp/MCUXpressoIDE_25.6.136/ide/plugins/com.nxp.mcuxpresso.tools.win32_25.6.0.202501151204/tools/bin/../lib/gcc/arm-none-eabi/14.2.1/../../../../arm-none-eabi/lib/thumb/v7e-m+fp/hard\libcr_c.a(_fdopen.o)
                0x20006c92                _fdopen
 .text._fflush  0x20006cfa       0x52 C:/nxp/MCUXpressoIDE_25.6.136/ide/plugins/com.nxp.mcuxpresso.tools.win32_25.6.0.202501151204/tools/bin/../lib/gcc/arm-none-eabi/14.2.1/../../../../arm-none-eabi/lib/thumb/v7e-m+fp/hard\libcr_c.a(_fflush.o)
                0x20006cfa                _fflush
 .text.fclose   0x20006d4c       0x58 C:/nxp/MCUXpressoIDE_25.6.136/ide/plugins/com.nxp.mcuxpresso.tools.win32_25.6.0.202501151204/tools/bin/../lib/gcc/arm-none-eabi/14.2.1/../../../../arm-none-eabi/lib/thumb/v7e-m+fp/hard\libcr_c.a(fclose.o)
                0x20006d4c                fclose
 .text.remove   0x20006da4       0x14 C:/nxp/MCUXpressoIDE_25.6.136/ide/plugins/com.nxp.mcuxpresso.tools.win32_25.6.0.202501151204/tools/bin/../lib/gcc/arm-none-eabi/14.2.1/../../../../arm-none-eabi/lib/thumb/v7e-m+fp/hard\libcr_c.a(remove.o)
                0x20006da4                remove
 .text._do_fflush
                0x20006db8       0x40 C:/nxp/MCUXpressoIDE_25.6.136/ide/plugins/com.nxp.mcuxpresso.tools.win32_25.6.0.202501151204/tools/bin/../lib/gcc/arm-none-eabi/14.2.1/../../../../arm-none-eabi/lib/thumb/v7e-m+fp/hard\libcr_c.a(_do_fflush.o)
                0x20006db8                _do_fflush
 .text.__aeabi_division_uldivmod
                0x20006df8      0x174 C:/nxp/MCUXpressoIDE_25.6.136/ide/plugins/com.nxp.mcuxpresso.tools.win32_25.6.0.202501151204/tools/bin/../lib/gcc/arm-none-eabi/14.2.1/thumb/v7e-m+fp/hard\libcr_eabihelpers.a(division_64.o)
                0x20006df8                __aeabi_uldivmod
                0x20006dfc                __bhs_ldivmod1
 .text.__aeabi_division_idiv0
                0x20006f6c        0x2 C:/nxp/MCUXpressoIDE_25.6.136/ide/plugins/com.nxp.mcuxpresso.tools.win32_25.6.0.202501151204/tools/bin/../lib/gcc/arm-none-eabi/14.2.1/thumb/v7e-m+fp/hard\libcr_eabihelpers.a(division_idiv0.o)
                0x20006f6c                __aeabi_idiv0
 .text.__aeabi_d2uiz
                0x20006f6e       0x34 C:/nxp/MCUXpressoIDE_25.6.136/ide/plugins/com.nxp.mcuxpresso.tools.win32_25.6.0.202501151204/tools/bin/../lib/gcc/arm-none-eabi/14.2.1/thumb/v7e-m+fp/hard\libcr_eabihelpers.a(double.o)
                0x20006f6e                __aeabi_d2uiz
 .text.__bhs_ui2d
                0x20006fa2       0x46 C:/nxp/MCUXpressoIDE_25.6.136/ide/plugins/com.nxp.mcuxpresso.tools.win32_25.6.0.202501151204/tools/bin/../lib/gcc/arm-none-eabi/14.2.1/thumb/v7e-m+fp/hard\libcr_eabihelpers.a(double.o)
                0x20006fa2                __bhs_ui2d
 .text.__aeabi_ui2d
                0x20006fe8        0x8 C:/nxp/MCUXpressoIDE_25.6.136/ide/plugins/com.nxp.mcuxpresso.tools.win32_25.6.0.202501151204/tools/bin/../lib/gcc/arm-none-eabi/14.2.1/thumb/v7e-m+fp/hard\libcr_eabihelpers.a(double.o)
                0x20006fe8                __aeabi_ui2d
 .text.__aeabi_memset_lowlevel
                0x20006ff0       0x32 C:/nxp/MCUXpressoIDE_25.6.136/ide/plugins/com.nxp.mcuxpresso.tools.win32_25.6.0.202501151204/tools/bin/../lib/gcc/arm-none-eabi/14.2.1/thumb/v7e-m+fp/hard\libcr_eabihelpers.a(memcpy.o)
                0x20006ff0                __aeabi_lowlevel_memset
 .text.__sys_close
                0x20007022        0x6 C:/nxp/MCUXpressoIDE_25.6.136/ide/plugins/com.nxp.mcuxpresso.tools.win32_25.6.0.202501151204/tools/bin/../lib/gcc/arm-none-eabi/14.2.1/../../../../arm-none-eabi/lib/thumb/v7e-m+fp/hard\libcr_nohost_nf.a(__sys_close.o)
                0x20007022                __sys_close
 .text.__sys_flen
                0x20007028        0x6 C:/nxp/MCUXpressoIDE_25.6.136/ide/plugins/com.nxp.mcuxpresso.tools.win32_25.6.0.202501151204/tools/bin/../lib/gcc/arm-none-eabi/14.2.1/../../../../arm-none-eabi/lib/thumb/v7e-m+fp/hard\libcr_nohost_nf.a(__sys_flen.o)
                0x20007028                __sys_flen
 .text.__sys_istty
                0x2000702e        0x6 C:/nxp/MCUXpressoIDE_25.6.136/ide/plugins/com.nxp.mcuxpresso.tools.win32_25.6.0.202501151204/tools/bin/../lib/gcc/arm-none-eabi/14.2.1/../../../../arm-none-eabi/lib/thumb/v7e-m+fp/hard\libcr_nohost_nf.a(__sys_istty.o)
                0x2000702e                __sys_istty
 .text.__sys_remove
                0x20007034        0x6 C:/nxp/MCUXpressoIDE_25.6.136/ide/plugins/com.nxp.mcuxpresso.tools.win32_25.6.0.202501151204/tools/bin/../lib/gcc/arm-none-eabi/14.2.1/../../../../arm-none-eabi/lib/thumb/v7e-m+fp/hard\libcr_nohost_nf.a(__sys_remove.o)
                0x20007034                __sys_remove
 .text.__sys_seek
                0x2000703a        0x6 C:/nxp/MCUXpressoIDE_25.6.136/ide/plugins/com.nxp.mcuxpresso.tools.win32_25.6.0.202501151204/tools/bin/../lib/gcc/arm-none-eabi/14.2.1/../../../../arm-none-eabi/lib/thumb/v7e-m+fp/hard\libcr_nohost_nf.a(__sys_seek.o)
                0x2000703a                __sys_seek
 .text.__sys_tmpnam
                0x20007040        0x6 C:/nxp/MCUXpressoIDE_25.6.136/ide/plugins/com.nxp.mcuxpresso.tools.win32_25.6.0.202501151204/tools/bin/../lib/gcc/arm-none-eabi/14.2.1/../../../../arm-none-eabi/lib/thumb/v7e-m+fp/hard\libcr_nohost_nf.a(__sys_tmpnam.o)
                0x20007040                __sys_tmpnam
 .text.__sys_write
                0x20007046        0x4 C:/nxp/MCUXpressoIDE_25.6.136/ide/plugins/com.nxp.mcuxpresso.tools.win32_25.6.0.202501151204/tools/bin/../lib/gcc/arm-none-eabi/14.2.1/../../../../arm-none-eabi/lib/thumb/v7e-m+fp/hard\libcr_nohost_nf.a(__sys_write.o)
                0x20007046                __sys_write
 *(SORT_BY_ALIGNMENT(.rodata) SORT_BY_ALIGNMENT(.rodata.*) SORT_BY_ALIGNMENT(.constdata) SORT_BY_ALIGNMENT(.constdata.*))
 *fill*         0x2000704a        0x2 ff
 .rodata.__assertion_failed.str1.4
                0x2000704c      0xbb1 ./utilities/fsl_assert.o
                                 0x14 (size before relaxing)
 .rodata.CLOCK_GetRootClockFreq.str1.4
                0x20007bfd       0x9b ./source/lpspi_polling_b2b_transfer_master.o
 .rodata.CLOCK_GetRootClockFreq.str1.4
                0x20007bfd       0x18 ./drivers/fsl_clock.o
 *fill*         0x20007bfd        0x3 ff
 .rodata.s_clockSourceName
                0x20007c00      0x278 ./drivers/fsl_clock.o
                0x20007c00                s_clockSourceName
 .rodata.CLOCK_InitArmPll.str1.4
                0x20007e78       0x83 ./drivers/fsl_clock.o
 .rodata.CLOCK_InitPfd.str1.4
                0x20007e78       0x78 ./drivers/fsl_clock.o
 .rodata.CLOCK_GetPfdFreq.str1.4
                0x20007e78       0xc5 ./drivers/fsl_clock.o
 .rodata.CLOCK_SetPllBypass.str1.4
                0x20007e78       0x18 ./drivers/fsl_clock.o
 .rodata.CLOCK_GetAvPllFreq.str1.4
                0x20007e78       0x48 ./drivers/fsl_clock.o
 .rodata.CLOCK_GetPllFreq.str1.4
                0x20007e78       0x3b ./drivers/fsl_clock.o
 .rodata.CLOCK_GetFreq.str1.4
                0x20007e78       0x3b ./drivers/fsl_clock.o
 .rodata.SDK_DelayAtLeastUs.str1.4
                0x20007e78       0x2b ./drivers/fsl_common_arm.o
 .rodata.s_baudratePrescaler
                0x20007e78        0x8 ./drivers/fsl_lpspi.o
 .rodata.s_lpspiBases
                0x20007e80       0x1c ./drivers/fsl_lpspi.o
 .rodata.s_lpspiClocks
                0x20007e9c        0x7 ./drivers/fsl_lpspi.o
 .rodata.LPSPI_GetInstance.str1.4
                0x20007ea3       0x36 ./drivers/fsl_lpspi.o
 .rodata.LPSPI_MasterInit.str1.4
                0x20007ea3       0x27 ./drivers/fsl_lpspi.o
 .rodata.LPSPI_MasterGetDefaultConfig.str1.4
                0x20007ea3       0x27 ./drivers/fsl_lpspi.o
 .rodata.LPSPI_MasterSetBaudRate.str1.4
                0x20007ea3       0x2b ./drivers/fsl_lpspi.o
 .rodata.LPSPI_MasterSetDelayScaler.str1.4
                0x20007ea3       0x18 ./drivers/fsl_lpspi.o
 .rodata.LPSPI_CheckTransferArgument.str1.4
                0x20007ea3       0x23 ./drivers/fsl_lpspi.o
 .rodata.LPSPI_MasterTransferBlocking.str1.4
                0x20007ea3       0x24 ./drivers/fsl_lpspi.o
 .rodata.LPSPI_CombineWriteData.str1.4
                0x20007ea3       0x3d ./drivers/fsl_lpspi.o
 .rodata.LPSPI_SeparateReadData.str1.4
                0x20007ea3       0x3d ./drivers/fsl_lpspi.o
 .rodata.LPSPI1_DriverIRQHandler.str1.4
                0x20007ea3       0x2c ./drivers/fsl_lpspi.o
 .rodata.LPSPI2_DriverIRQHandler.str1.4
                0x20007ea3       0x2c ./drivers/fsl_lpspi.o
 .rodata.LPSPI3_DriverIRQHandler.str1.4
                0x20007ea3       0x2c ./drivers/fsl_lpspi.o
 .rodata.LPSPI4_DriverIRQHandler.str1.4
                0x20007ea3       0x2c ./drivers/fsl_lpspi.o
 .rodata.LPSPI5_DriverIRQHandler.str1.4
                0x20007ea3       0x2c ./drivers/fsl_lpspi.o
 .rodata.LPSPI6_DriverIRQHandler.str1.4
                0x20007ea3       0x2c ./drivers/fsl_lpspi.o
 *fill*         0x20007ea3        0x1 ff
 .rodata.s_lpuartBases
                0x20007ea4       0x34 ./drivers/fsl_lpuart.o
 .rodata.s_lpuartClock
                0x20007ed8        0xd ./drivers/fsl_lpuart.o
 .rodata.LPUART_GetInstance.str1.4
                0x20007ee5       0x38 ./drivers/fsl_lpuart.o
 .rodata.LPUART_Init.str1.4
                0x20007ee5      0x10a ./drivers/fsl_lpuart.o
 .rodata.LPUART_GetDefaultConfig.str1.4
                0x20007ee5       0x22 ./drivers/fsl_lpuart.o
 .rodata.LPUART_WriteBlocking.str1.4
                0x20007ee5       0x21 ./drivers/fsl_lpuart.o
 .rodata.LPUART_ReadBlocking.str1.4
                0x20007ee5       0x21 ./drivers/fsl_lpuart.o
 .rodata.PMU_StaticGetLpsrAnaLdoDefaultConfig.str1.4
                0x20007ee5       0x1f ./drivers/fsl_pmu.o
 .rodata.PMU_StaticLpsrAnaLdoInit.str1.4
                0x20007ee5       0x1f ./drivers/fsl_pmu.o
 .rodata.PMU_StaticGetLpsrDigLdoDefaultConfig.str1.4
                0x20007ee5       0x1f ./drivers/fsl_pmu.o
 .rodata.PMU_StaticLpsrDigLdoInit.str1.4
                0x20007ee5       0x1f ./drivers/fsl_pmu.o
 *fill*         0x20007ee5        0x3 ff
 .rodata.s_LpuartAdapterBase
                0x20007ee8       0x34 ./component/uart/fsl_adapter_lpuart.o
 .rodata.HAL_UartInit.str1.4
                0x20007f1c      0x116 ./component/uart/fsl_adapter_lpuart.o
 .rodata.HAL_UartReceiveBlocking.str1.4
                0x20007f1c       0x7b ./component/uart/fsl_adapter_lpuart.o
 .rodata.HAL_UartSendBlocking.str1.4
                0x20007f1c       0x7b ./component/uart/fsl_adapter_lpuart.o
 .rodata.CLOCK_GetRootClockFreq.str1.4
                0x20007f1c       0x9b ./board/board.o
 .rodata.BOARD_ConfigMPU.str1.4
                0x20007f1c       0xa5 ./board/board.o
 .rodata.CLOCK_SetRootClock.str1.4
                0x20007f1c       0x9d ./board/clock_config.o
 .rodata.CLOCK_GetRootClockFreq.str1.4
                0x20007f1c       0x9b ./board/clock_config.o
 .rodata.armPllConfig_BOARD_BootClockRUN
                0x20007f1c        0x8 ./board/clock_config.o
                0x20007f1c                armPllConfig_BOARD_BootClockRUN
 .rodata.sysPll2Config_BOARD_BootClockRUN
                0x20007f24        0xc ./board/clock_config.o
                0x20007f24                sysPll2Config_BOARD_BootClockRUN
 .rodata.videoPllConfig_BOARD_BootClockRUN
                0x20007f30       0x14 ./board/clock_config.o
                0x20007f30                videoPllConfig_BOARD_BootClockRUN
 .rodata.__num_Ciob_streams