../drivers/fsl_cache.c:29:6:L1CACHE_EnableCodeCache	8	static
../drivers/fsl_cache.c:45:6:L1CACHE_DisableCodeCache	8	static
../drivers/fsl_cache.c:58:6:L1CACHE_InvalidateCodeCache	4	static
../drivers/fsl_cache.c:83:6:L1CACHE_InvalidateCodeCacheByRange	32	static
../drivers/fsl_cache.c:111:6:L1CACHE_CleanCodeCache	4	static
../drivers/fsl_cache.c:135:6:L1CACHE_CleanCodeCacheByRange	32	static
../drivers/fsl_cache.c:163:6:L1CACHE_CleanInvalidateCodeCache	4	static
../drivers/fsl_cache.c:188:6:L1CACHE_CleanInvalidateCodeCacheByRange	32	static
../drivers/fsl_cache.c:217:6:L1CACHE_EnableSystemCache	8	static
../drivers/fsl_cache.c:234:6:L1CACHE_DisableSystemCache	8	static
../drivers/fsl_cache.c:247:6:L1CACHE_InvalidateSystemCache	4	static
../drivers/fsl_cache.c:272:6:L1CACHE_InvalidateSystemCacheByRange	32	static
../drivers/fsl_cache.c:300:6:L1CACHE_CleanSystemCache	4	static
../drivers/fsl_cache.c:324:6:L1CACHE_CleanSystemCacheByRange	32	static
../drivers/fsl_cache.c:352:6:L1CACHE_CleanInvalidateSystemCache	4	static
../drivers/fsl_cache.c:377:6:L1CACHE_CleanInvalidateSystemCacheByRange	32	static
../drivers/fsl_cache.c:411:6:L1CACHE_InvalidateICacheByRange	24	static
../drivers/fsl_cache.c:446:6:L1CACHE_CleanDCacheByRange	24	static
../drivers/fsl_cache.c:481:6:L1CACHE_CleanInvalidateDCacheByRange	24	static
